Archive member included to satisfy reference by file (symbol)

c:/nxp/s32ds_arm_v2.2/s32ds/build_tools/gcc_v6.3/gcc-6.3-arm32-eabi/bin/../lib/gcc/arm-none-eabi/6.3.1/thumb/v7e-m/fpv4-sp/hard\libgcc.a(_aeabi_uldivmod.o)
                              ./SDK/rtos/osif/osif_freertos.o (__aeabi_uldivmod)
c:/nxp/s32ds_arm_v2.2/s32ds/build_tools/gcc_v6.3/gcc-6.3-arm32-eabi/bin/../lib/gcc/arm-none-eabi/6.3.1/thumb/v7e-m/fpv4-sp/hard\libgcc.a(_udivmoddi4.o)
                              c:/nxp/s32ds_arm_v2.2/s32ds/build_tools/gcc_v6.3/gcc-6.3-arm32-eabi/bin/../lib/gcc/arm-none-eabi/6.3.1/thumb/v7e-m/fpv4-sp/hard\libgcc.a(_aeabi_uldivmod.o) (__udivmoddi4)
c:/nxp/s32ds_arm_v2.2/s32ds/build_tools/gcc_v6.3/gcc-6.3-arm32-eabi/bin/../lib/gcc/arm-none-eabi/6.3.1/thumb/v7e-m/fpv4-sp/hard\libgcc.a(_dvmd_tls.o)
                              c:/nxp/s32ds_arm_v2.2/s32ds/build_tools/gcc_v6.3/gcc-6.3-arm32-eabi/bin/../lib/gcc/arm-none-eabi/6.3.1/thumb/v7e-m/fpv4-sp/hard\libgcc.a(_aeabi_uldivmod.o) (__aeabi_ldiv0)
C:/NXP/S32DS_ARM_v2.2/S32DS/build_tools/gcc_v6.3/gcc-6.3-arm32-eabi/arm-none-eabi/newlib/lib/thumb/v7e-m/fpv4-sp/hard\libc_nano.a(lib_a-exit.o)
                              C:/NXP/S32DS_ARM_v2.2/S32DS/build_tools/gcc_v6.3/gcc-6.3-arm32-eabi/arm-none-eabi/newlib/lib/thumb/v7e-m/fpv4-sp/hard/crt0.o (exit)
C:/NXP/S32DS_ARM_v2.2/S32DS/build_tools/gcc_v6.3/gcc-6.3-arm32-eabi/arm-none-eabi/newlib/lib/thumb/v7e-m/fpv4-sp/hard\libc_nano.a(lib_a-impure.o)
                              C:/NXP/S32DS_ARM_v2.2/S32DS/build_tools/gcc_v6.3/gcc-6.3-arm32-eabi/arm-none-eabi/newlib/lib/thumb/v7e-m/fpv4-sp/hard\libc_nano.a(lib_a-exit.o) (_global_impure_ptr)
C:/NXP/S32DS_ARM_v2.2/S32DS/build_tools/gcc_v6.3/gcc-6.3-arm32-eabi/arm-none-eabi/newlib/lib/thumb/v7e-m/fpv4-sp/hard\libc_nano.a(lib_a-init.o)
                              C:/NXP/S32DS_ARM_v2.2/S32DS/build_tools/gcc_v6.3/gcc-6.3-arm32-eabi/arm-none-eabi/newlib/lib/thumb/v7e-m/fpv4-sp/hard/crt0.o (__libc_init_array)
C:/NXP/S32DS_ARM_v2.2/S32DS/build_tools/gcc_v6.3/gcc-6.3-arm32-eabi/arm-none-eabi/newlib/lib/thumb/v7e-m/fpv4-sp/hard\libc_nano.a(lib_a-memcpy-stub.o)
                              ./SDK/rtos/FreeRTOS_S32K/Source/queue.o (memcpy)
C:/NXP/S32DS_ARM_v2.2/S32DS/build_tools/gcc_v6.3/gcc-6.3-arm32-eabi/arm-none-eabi/newlib/lib/thumb/v7e-m/fpv4-sp/hard\libc_nano.a(lib_a-memset.o)
                              C:/NXP/S32DS_ARM_v2.2/S32DS/build_tools/gcc_v6.3/gcc-6.3-arm32-eabi/arm-none-eabi/newlib/lib/thumb/v7e-m/fpv4-sp/hard/crt0.o (memset)
C:/NXP/S32DS_ARM_v2.2/S32DS/build_tools/gcc_v6.3/gcc-6.3-arm32-eabi/arm-none-eabi/newlib/lib/thumb/v7e-m/fpv4-sp/hard\libc_nano.a(lib_a-strlen.o)
                              ./SDK/rtos/FreeRTOS_S32K/Source/tasks.o (strlen)
C:/NXP/S32DS_ARM_v2.2/S32DS/build_tools/gcc_v6.3/gcc-6.3-arm32-eabi/arm-none-eabi/newlib/lib/thumb/v7e-m/fpv4-sp/hard\libnosys.a(_exit.o)
                              C:/NXP/S32DS_ARM_v2.2/S32DS/build_tools/gcc_v6.3/gcc-6.3-arm32-eabi/arm-none-eabi/newlib/lib/thumb/v7e-m/fpv4-sp/hard\libc_nano.a(lib_a-exit.o) (_exit)

Discarded input sections

 .text          0x00000000        0x0 c:/nxp/s32ds_arm_v2.2/s32ds/build_tools/gcc_v6.3/gcc-6.3-arm32-eabi/bin/../lib/gcc/arm-none-eabi/6.3.1/thumb/v7e-m/fpv4-sp/hard/crti.o
 .data          0x00000000        0x0 c:/nxp/s32ds_arm_v2.2/s32ds/build_tools/gcc_v6.3/gcc-6.3-arm32-eabi/bin/../lib/gcc/arm-none-eabi/6.3.1/thumb/v7e-m/fpv4-sp/hard/crti.o
 .bss           0x00000000        0x0 c:/nxp/s32ds_arm_v2.2/s32ds/build_tools/gcc_v6.3/gcc-6.3-arm32-eabi/bin/../lib/gcc/arm-none-eabi/6.3.1/thumb/v7e-m/fpv4-sp/hard/crti.o
 .text          0x00000000       0xa4 c:/nxp/s32ds_arm_v2.2/s32ds/build_tools/gcc_v6.3/gcc-6.3-arm32-eabi/bin/../lib/gcc/arm-none-eabi/6.3.1/thumb/v7e-m/fpv4-sp/hard/crtbegin.o
 .data          0x00000000        0x4 c:/nxp/s32ds_arm_v2.2/s32ds/build_tools/gcc_v6.3/gcc-6.3-arm32-eabi/bin/../lib/gcc/arm-none-eabi/6.3.1/thumb/v7e-m/fpv4-sp/hard/crtbegin.o
 .bss           0x00000000       0x1c c:/nxp/s32ds_arm_v2.2/s32ds/build_tools/gcc_v6.3/gcc-6.3-arm32-eabi/bin/../lib/gcc/arm-none-eabi/6.3.1/thumb/v7e-m/fpv4-sp/hard/crtbegin.o
 .init_array    0x00000000        0x4 c:/nxp/s32ds_arm_v2.2/s32ds/build_tools/gcc_v6.3/gcc-6.3-arm32-eabi/bin/../lib/gcc/arm-none-eabi/6.3.1/thumb/v7e-m/fpv4-sp/hard/crtbegin.o
 .fini_array    0x00000000        0x4 c:/nxp/s32ds_arm_v2.2/s32ds/build_tools/gcc_v6.3/gcc-6.3-arm32-eabi/bin/../lib/gcc/arm-none-eabi/6.3.1/thumb/v7e-m/fpv4-sp/hard/crtbegin.o
 .eh_frame      0x00000000        0x0 c:/nxp/s32ds_arm_v2.2/s32ds/build_tools/gcc_v6.3/gcc-6.3-arm32-eabi/bin/../lib/gcc/arm-none-eabi/6.3.1/thumb/v7e-m/fpv4-sp/hard/crtbegin.o
 .jcr           0x00000000        0x0 c:/nxp/s32ds_arm_v2.2/s32ds/build_tools/gcc_v6.3/gcc-6.3-arm32-eabi/bin/../lib/gcc/arm-none-eabi/6.3.1/thumb/v7e-m/fpv4-sp/hard/crtbegin.o
 .tm_clone_table
[...]
Memory Configuration

Name             Origin             Length             Attributes
m_interrupts     0x1fff8000         0x00000400         xr
m_text           0x1fff8400         0x00007c00         xr
m_data           0x20000000         0x00007000         rw
*default*        0x00000000         0xffffffff

Linker script and memory map

LOAD c:/nxp/s32ds_arm_v2.2/s32ds/build_tools/gcc_v6.3/gcc-6.3-arm32-eabi/bin/../lib/gcc/arm-none-eabi/6.3.1/thumb/v7e-m/fpv4-sp/hard/crti.o
LOAD c:/nxp/s32ds_arm_v2.2/s32ds/build_tools/gcc_v6.3/gcc-6.3-arm32-eabi/bin/../lib/gcc/arm-none-eabi/6.3.1/thumb/v7e-m/fpv4-sp/hard/crtbegin.o
LOAD C:/NXP/S32DS_ARM_v2.2/S32DS/build_tools/gcc_v6.3/gcc-6.3-arm32-eabi/arm-none-eabi/newlib/lib/thumb/v7e-m/fpv4-sp/hard/crt0.o
LOAD ./Generated_Code/Cpu.o
LOAD ./Generated_Code/clockMan1.o
LOAD ./Generated_Code/dmaController1.o
LOAD ./Generated_Code/lpuart1.o
LOAD ./Generated_Code/pin_mux.o
LOAD ./Project_Settings/Startup_Code/startup_S32K144.o
LOAD ./SDK/platform/devices/S32K144/startup/system_S32K144.o
LOAD ./SDK/platform/devices/startup.o
LOAD ./SDK/platform/drivers/src/clock/S32K1xx/clock_S32K1xx.o
LOAD ./SDK/platform/drivers/src/edma/edma_driver.o
LOAD ./SDK/platform/drivers/src/edma/edma_hw_access.o
LOAD ./SDK/platform/drivers/src/edma/edma_irq.o
LOAD ./SDK/platform/drivers/src/interrupt/interrupt_manager.o
LOAD ./SDK/platform/drivers/src/lpuart/lpuart_driver.o
LOAD ./SDK/platform/drivers/src/lpuart/lpuart_hw_access.o
LOAD ./SDK/platform/drivers/src/lpuart/lpuart_irq.o
LOAD ./SDK/platform/drivers/src/pins/pins_driver.o
LOAD ./SDK/platform/drivers/src/pins/pins_port_hw_access.o
LOAD ./SDK/rtos/FreeRTOS_S32K/Source/croutine.o
LOAD ./SDK/rtos/FreeRTOS_S32K/Source/event_groups.o
LOAD ./SDK/rtos/FreeRTOS_S32K/Source/list.o
LOAD ./SDK/rtos/FreeRTOS_S32K/Source/queue.o
LOAD ./SDK/rtos/FreeRTOS_S32K/Source/stream_buffer.o
LOAD ./SDK/rtos/FreeRTOS_S32K/Source/tasks.o
LOAD ./SDK/rtos/FreeRTOS_S32K/Source/timers.o
LOAD ./SDK/rtos/FreeRTOS_S32K/Source/portable/GCC/ARM_CM4F/port.o
LOAD ./SDK/rtos/FreeRTOS_S32K/Source/portable/MemMang/heap_2.o
LOAD ./SDK/rtos/osif/osif_freertos.o
LOAD ./Sources/main.o
START GROUP
LOAD c:/nxp/s32ds_arm_v2.2/s32ds/build_tools/gcc_v6.3/gcc-6.3-arm32-eabi/bin/../lib/gcc/arm-none-eabi/6.3.1/thumb/v7e-m/fpv4-sp/hard\libgcc.a
LOAD C:/NXP/S32DS_ARM_v2.2/S32DS/build_tools/gcc_v6.3/gcc-6.3-arm32-eabi/arm-none-eabi/newlib/lib/thumb/v7e-m/fpv4-sp/hard\libc_nano.a
END GROUP
START GROUP
LOAD c:/nxp/s32ds_arm_v2.2/s32ds/build_tools/gcc_v6.3/gcc-6.3-arm32-eabi/bin/../lib/gcc/arm-none-eabi/6.3.1/thumb/v7e-m/fpv4-sp/hard\libgcc.a
LOAD C:/NXP/S32DS_ARM_v2.2/S32DS/build_tools/gcc_v6.3/gcc-6.3-arm32-eabi/arm-none-eabi/newlib/lib/thumb/v7e-m/fpv4-sp/hard\libc_nano.a
LOAD C:/NXP/S32DS_ARM_v2.2/S32DS/build_tools/gcc_v6.3/gcc-6.3-arm32-eabi/arm-none-eabi/newlib/lib/thumb/v7e-m/fpv4-sp/hard\libnosys.a
END GROUP
START GROUP
LOAD c:/nxp/s32ds_arm_v2.2/s32ds/build_tools/gcc_v6.3/gcc-6.3-arm32-eabi/bin/../lib/gcc/arm-none-eabi/6.3.1/thumb/v7e-m/fpv4-sp/hard\libgcc.a
LOAD C:/NXP/S32DS_ARM_v2.2/S32DS/build_tools/gcc_v6.3/gcc-6.3-arm32-eabi/arm-none-eabi/newlib/lib/thumb/v7e-m/fpv4-sp/hard\libc_nano.a
LOAD C:/NXP/S32DS_ARM_v2.2/S32DS/build_tools/gcc_v6.3/gcc-6.3-arm32-eabi/arm-none-eabi/newlib/lib/thumb/v7e-m/fpv4-sp/hard\libnosys.a
END GROUP
LOAD c:/nxp/s32ds_arm_v2.2/s32ds/build_tools/gcc_v6.3/gcc-6.3-arm32-eabi/bin/../lib/gcc/arm-none-eabi/6.3.1/thumb/v7e-m/fpv4-sp/hard/crtend.o
LOAD c:/nxp/s32ds_arm_v2.2/s32ds/build_tools/gcc_v6.3/gcc-6.3-arm32-eabi/bin/../lib/gcc/arm-none-eabi/6.3.1/thumb/v7e-m/fpv4-sp/hard/crtn.o
                0x00000400                HEAP_SIZE = DEFINED (__heap_size__)?__heap_size__:0x400
                0x00000400                STACK_SIZE = DEFINED (__stack_size__)?__stack_size__:0x400

.interrupts     0x1fff8000      0x400
                0x1fff8000                __VECTOR_TABLE = .
                0x1fff8000                __interrupts_start__ = .
                0x1fff8000                . = ALIGN (0x4)
 *(.isr_vector)
 .isr_vector    0x1fff8000      0x400 ./Project_Settings/Startup_Code/startup_S32K144.o
                0x1fff8000                __isr_vector
                0x1fff8400                __interrupts_end__ = .
                0x1fff8400                . = ALIGN (0x4)
                0x1fff8000                __VECTOR_RAM = __VECTOR_TABLE
                0x00000000                __RAM_VECTOR_TABLE_SIZE = 0x0

.text           0x1fff8400     0x4388
                0x1fff8400                . = ALIGN (0x4)
 *(.text)
 .text          0x1fff8400       0x4c ./Project_Settings/Startup_Code/startup_S32K144.o
                0x1fff8400                Reset_Handler
                0x1fff8448                DebugMon_Handler
                0x1fff8448                Reserved88_IRQHandler
                0x1fff8448                CAN0_ORed_IRQHandler
                0x1fff8448                HardFault_Handler
                0x1fff8448                Reserved86_IRQHandler
                0x1fff8448                Reserved103_IRQHandler
                0x1fff8448                FTM2_Ovf_Reload_IRQHandler
                0x1fff8448                Reserved50_IRQHandler
                0x1fff8448                FTFC_Fault_IRQHandler
                0x1fff8448                FTM0_Ch6_Ch7_IRQHandler
                0x1fff8448                Reserved114_IRQHandler
                0x1fff8448                NMI_Handler
                0x1fff8448                Reserved89_IRQHandler
                0x1fff8448                ERM_double_fault_IRQHandler
                0x1fff8448                Reserved59_IRQHandler
                0x1fff8448                LPIT0_Ch0_IRQHandler
                0x1fff8448                Reserved99_IRQHandler
                0x1fff8448                FTM3_Ch6_Ch7_IRQHandler
                0x1fff8448                CAN2_ORed_0_15_MB_IRQHandler
                0x1fff8448                LPIT0_Ch3_IRQHandler
                0x1fff8448                Reserved92_IRQHandler
                0x1fff8448                FTM0_Ch4_Ch5_IRQHandler
                0x1fff8448                CAN1_Error_IRQHandler
                0x1fff8448                FTM3_Ch0_Ch1_IRQHandler
                0x1fff8448                SWI_IRQHandler
                0x1fff8448                ADC0_IRQHandler
                0x1fff8448                FTM2_Ch4_Ch5_IRQHandler
                0x1fff8448                UsageFault_Handler
                0x1fff8448                FTM0_Ovf_Reload_IRQHandler
                0x1fff8448                DefaultISR
                0x1fff8448                Reserved58_IRQHandler
                0x1fff8448                CAN1_ORed_0_15_MB_IRQHandler
                0x1fff8448                FTM1_Ch2_Ch3_IRQHandler
                0x1fff8448                Reserved82_IRQHandler
                0x1fff8448                CAN0_ORed_16_31_MB_IRQHandler
                0x1fff8448                LPI2C0_Slave_IRQHandler
                0x1fff8448                Reserved71_IRQHandler
                0x1fff8448                PORTD_IRQHandler
                0x1fff8448                Reserved69_IRQHandler
                0x1fff8448                PORTB_IRQHandler
                0x1fff8448                Reserved70_IRQHandler
                0x1fff8448                ADC1_IRQHandler
                0x1fff8448                FTM2_Ch2_Ch3_IRQHandler
                0x1fff8448                Reserved53_IRQHandler
                0x1fff8448                RTC_IRQHandler
                0x1fff8448                PDB0_IRQHandler
                0x1fff8448                Reserved54_IRQHandler
                0x1fff8448                FTM2_Ch6_Ch7_IRQHandler
                0x1fff8448                FTM3_Ch2_Ch3_IRQHandler
                0x1fff8448                FTM2_Ch0_Ch1_IRQHandler
                0x1fff8448                LPSPI1_IRQHandler
                0x1fff8448                LPUART1_RxTx_IRQHandler
                0x1fff8448                RTC_Seconds_IRQHandler
                0x1fff8448                CAN2_ORed_IRQHandler
                0x1fff8448                Reserved72_IRQHandler
                0x1fff8448                Reserved110_IRQHandler
                0x1fff8448                Reserved107_IRQHandler
                0x1fff8448                Read_Collision_IRQHandler
                0x1fff8448                CAN2_Error_IRQHandler
                0x1fff8448                FTFC_IRQHandler
                0x1fff8448                FTM1_Ch6_Ch7_IRQHandler
                0x1fff8448                Reserved105_IRQHandler
                0x1fff8448                LPIT0_Ch1_IRQHandler
                0x1fff8448                FTM1_Ch4_Ch5_IRQHandler
                0x1fff8448                FTM3_Ovf_Reload_IRQHandler
                0x1fff8448                LPUART2_RxTx_IRQHandler
                0x1fff8448                LPSPI0_IRQHandler
                0x1fff8448                WDOG_EWM_IRQHandler
                0x1fff8448                MemManage_Handler
                0x1fff8448                Reserved90_IRQHandler
                0x1fff8448                Reserved83_IRQHandler
                0x1fff8448                FTM0_Fault_IRQHandler
                0x1fff8448                Reserved48_IRQHandler
                0x1fff8448                ERM_single_fault_IRQHandler
                0x1fff8448                FTM2_Fault_IRQHandler
                0x1fff8448                FTM0_Ch2_Ch3_IRQHandler
                0x1fff8448                FTM0_Ch0_Ch1_IRQHandler
                0x1fff8448                FTM3_Fault_IRQHandler
                0x1fff8448                RCM_IRQHandler
                0x1fff8448                Reserved100_IRQHandler
                0x1fff8448                Reserved91_IRQHandler
                0x1fff8448                CAN1_ORed_IRQHandler
                0x1fff8448                SCG_IRQHandler
                0x1fff8448                PDB1_IRQHandler
                0x1fff8448                Reserved81_IRQHandler
                0x1fff8448                Reserved46_IRQHandler
                0x1fff8448                Reserved45_IRQHandler
                0x1fff8448                CAN0_Error_IRQHandler
                0x1fff8448                Reserved112_IRQHandler
                0x1fff8448                LPI2C0_Master_IRQHandler
                0x1fff8448                FTM1_Fault_IRQHandler
                0x1fff8448                Reserved106_IRQHandler
                0x1fff8448                LVD_LVW_IRQHandler
                0x1fff8448                LPIT0_Ch2_IRQHandler
                0x1fff8448                PORTA_IRQHandler
                0x1fff8448                MCM_IRQHandler
                0x1fff8448                LPSPI2_IRQHandler
                0x1fff8448                FTM3_Ch4_Ch5_IRQHandler
                0x1fff8448                CAN0_ORed_0_15_MB_IRQHandler
                0x1fff8448                PORTE_IRQHandler
                0x1fff8448                LPUART0_RxTx_IRQHandler
                0x1fff8448                LPTMR0_IRQHandler
                0x1fff8448                BusFault_Handler
                0x1fff8448                Reserved87_IRQHandler
                0x1fff8448                FTM1_Ovf_Reload_IRQHandler
                0x1fff8448                Reserved93_IRQHandler
                0x1fff8448                CAN0_Wake_Up_IRQHandler
                0x1fff8448                CMP0_IRQHandler
                0x1fff8448                Reserved52_IRQHandler
                0x1fff8448                PORTC_IRQHandler
                0x1fff8448                FTM1_Ch0_Ch1_IRQHandler
                0x1fff8448                FLEXIO_IRQHandler
                0x1fff8448                Reserved113_IRQHandler
 *(.text*)
 .text.SystemInit
                0x1fff844c       0x3c ./SDK/platform/devices/S32K144/startup/system_S32K144.o
                0x1fff844c                SystemInit
 .text.init_data_bss
                0x1fff8488       0xd8 ./SDK/platform/devices/startup.o
                0x1fff8488                init_data_bss
 .text.CLOCK_SYS_GetCurrentRunMode
                0x1fff8560       0x24 ./SDK/platform/drivers/src/clock/S32K1xx/clock_S32K1xx.o
 .text.CLOCK_SYS_GetSysOscFreq
                0x1fff8584       0x1c ./SDK/platform/drivers/src/clock/S32K1xx/clock_S32K1xx.o
 .text.CLOCK_SYS_ConfigureSOSC
                0x1fff85a0      0x12c ./SDK/platform/drivers/src/clock/S32K1xx/clock_S32K1xx.o
 .text.CLOCK_SYS_GetSircFreq
                0x1fff86cc       0x2c ./SDK/platform/drivers/src/clock/S32K1xx/clock_S32K1xx.o
 .text.CLOCK_SYS_ConfigureSIRC
                0x1fff86f8       0xc4 ./SDK/platform/drivers/src/clock/S32K1xx/clock_S32K1xx.o
 .text.CLOCK_SYS_GetFircFreq
                0x1fff87bc       0x20 ./SDK/platform/drivers/src/clock/S32K1xx/clock_S32K1xx.o
 .text.CLOCK_SYS_ConfigureFIRC
                0x1fff87dc       0xb4 ./SDK/platform/drivers/src/clock/S32K1xx/clock_S32K1xx.o
 .text.CLOCK_SYS_GetSysPllFreq
                0x1fff8890       0x44 ./SDK/platform/drivers/src/clock/S32K1xx/clock_S32K1xx.o
 .text.CLOCK_SYS_ConfigureSPLL
                0x1fff88d4      0x104 ./SDK/platform/drivers/src/clock/S32K1xx/clock_S32K1xx.o
 .text.CLOCK_SYS_SetSystemClockConfig
                0x1fff89d8      0x1e4 ./SDK/platform/drivers/src/clock/S32K1xx/clock_S32K1xx.o
 .text.CLOCK_SYS_TransitionSystemClock
                0x1fff8bbc       0x3c ./SDK/platform/drivers/src/clock/S32K1xx/clock_S32K1xx.o
 .text.CLOCK_SYS_GetSystemClockFreq
                0x1fff8bf8       0x78 ./SDK/platform/drivers/src/clock/S32K1xx/clock_S32K1xx.o
 .text.CLOCK_SYS_GetScgClkOutFreq
                0x1fff8c70       0x44 ./SDK/platform/drivers/src/clock/S32K1xx/clock_S32K1xx.o
 .text.CLOCK_SYS_GetSysAsyncFreq
                0x1fff8cb4       0xd4 ./SDK/platform/drivers/src/clock/S32K1xx/clock_S32K1xx.o
 .text.CLOCK_SYS_GetSimRtcClkFreq
                0x1fff8d88       0x50 ./SDK/platform/drivers/src/clock/S32K1xx/clock_S32K1xx.o
 .text.CLOCK_SYS_GetPeripheralClock
                0x1fff8dd8       0x78 ./SDK/platform/drivers/src/clock/S32K1xx/clock_S32K1xx.o
 .text.CLOCK_SYS_GetLpoFreq
                0x1fff8e50       0x44 ./SDK/platform/drivers/src/clock/S32K1xx/clock_S32K1xx.o
 .text.CLOCK_SYS_GetSimClkOutFreq
                0x1fff8e94       0x98 ./SDK/platform/drivers/src/clock/S32K1xx/clock_S32K1xx.o
 .text.CLOCK_DRV_Init
                0x1fff8f2c      0x598 ./SDK/platform/drivers/src/clock/S32K1xx/clock_S32K1xx.o
                0x1fff8f2c                CLOCK_DRV_Init
 .text.CLOCK_DRV_GetFreq
                0x1fff94c4      0x3a0 ./SDK/platform/drivers/src/clock/S32K1xx/clock_S32K1xx.o
                0x1fff94c4                CLOCK_DRV_GetFreq
 .text.CLOCK_SYS_Init
                0x1fff9864       0x1c ./SDK/platform/drivers/src/clock/S32K1xx/clock_S32K1xx.o
                0x1fff9864                CLOCK_SYS_Init
 .text.CLOCK_SYS_UpdateConfiguration
                0x1fff9880       0xe8 ./SDK/platform/drivers/src/clock/S32K1xx/clock_S32K1xx.o
                0x1fff9880                CLOCK_SYS_UpdateConfiguration
 .text.CLOCK_SYS_GetFreq
                0x1fff9968        0x8 ./SDK/platform/drivers/src/clock/S32K1xx/clock_S32K1xx.o
                0x1fff9968                CLOCK_SYS_GetFreq
 .text.EDMA_DRV_InstallCallback
                0x1fff9970       0x20 ./SDK/platform/drivers/src/edma/edma_driver.o
                0x1fff9970                EDMA_DRV_InstallCallback
 .text.EDMA_DRV_IRQHandler
                0x1fff9990       0x2c ./SDK/platform/drivers/src/edma/edma_driver.o
                0x1fff9990                EDMA_DRV_IRQHandler
 .text.EDMA_DRV_ErrorIRQHandler
                0x1fff99bc       0x3c ./SDK/platform/drivers/src/edma/edma_driver.o
                0x1fff99bc                EDMA_DRV_ErrorIRQHandler
 .text.EDMA_DRV_ConfigSingleBlockTransfer
                0x1fff99f8      0x148 ./SDK/platform/drivers/src/edma/edma_driver.o
                0x1fff99f8                EDMA_DRV_ConfigSingleBlockTransfer
 .text.EDMA_DRV_ConfigMultiBlockTransfer
                0x1fff9b40       0x64 ./SDK/platform/drivers/src/edma/edma_driver.o
                0x1fff9b40                EDMA_DRV_ConfigMultiBlockTransfer
 .text.EDMA_DRV_StartChannel
                0x1fff9ba4       0x18 ./SDK/platform/drivers/src/edma/edma_driver.o
                0x1fff9ba4                EDMA_DRV_StartChannel
 .text.EDMA_DRV_StopChannel
                0x1fff9bbc       0x18 ./SDK/platform/drivers/src/edma/edma_driver.o
                0x1fff9bbc                EDMA_DRV_StopChannel
 .text.EDMA_DRV_SetDestAddr
                0x1fff9bd4       0x16 ./SDK/platform/drivers/src/edma/edma_driver.o
                0x1fff9bd4                EDMA_DRV_SetDestAddr
 *fill*         0x1fff9bea        0x2 
 .text.EDMA_DRV_SetMajorLoopIterationCount
                0x1fff9bec       0x14 ./SDK/platform/drivers/src/edma/edma_driver.o
                0x1fff9bec                EDMA_DRV_SetMajorLoopIterationCount
 .text.EDMA_DRV_GetDmaRegBaseAddr
                0x1fff9c00        0x8 ./SDK/platform/drivers/src/edma/edma_driver.o
                0x1fff9c00                EDMA_DRV_GetDmaRegBaseAddr
 .text.EDMA_SetDmaRequestCmd
                0x1fff9c08        0xa ./SDK/platform/drivers/src/edma/edma_hw_access.o
                0x1fff9c08                EDMA_SetDmaRequestCmd
 .text.EDMA_TCDClearReg
                0x1fff9c12       0x4a ./SDK/platform/drivers/src/edma/edma_hw_access.o
                0x1fff9c12                EDMA_TCDClearReg
 .text.EDMA_TCDSetAttribute
                0x1fff9c5c       0x30 ./SDK/platform/drivers/src/edma/edma_hw_access.o
                0x1fff9c5c                EDMA_TCDSetAttribute
 .text.EDMA_TCDSetNbytes
                0x1fff9c8c       0x5c ./SDK/platform/drivers/src/edma/edma_hw_access.o
                0x1fff9c8c                EDMA_TCDSetNbytes
 .text.EDMA_TCDSetMajorCount
                0x1fff9ce8       0x5e ./SDK/platform/drivers/src/edma/edma_hw_access.o
                0x1fff9ce8                EDMA_TCDSetMajorCount
 .text.DMA0_IRQHandler
                0x1fff9d46        0xa ./SDK/platform/drivers/src/edma/edma_irq.o
                0x1fff9d46                DMA0_IRQHandler
 .text.DMA1_IRQHandler
                0x1fff9d50        0xa ./SDK/platform/drivers/src/edma/edma_irq.o
                0x1fff9d50                DMA1_IRQHandler
 .text.DMA2_IRQHandler
                0x1fff9d5a        0xa ./SDK/platform/drivers/src/edma/edma_irq.o
                0x1fff9d5a                DMA2_IRQHandler
 .text.DMA3_IRQHandler
                0x1fff9d64        0xa ./SDK/platform/drivers/src/edma/edma_irq.o
                0x1fff9d64                DMA3_IRQHandler
 .text.DMA4_IRQHandler
                0x1fff9d6e        0xa ./SDK/platform/drivers/src/edma/edma_irq.o
                0x1fff9d6e                DMA4_IRQHandler
 .text.DMA5_IRQHandler
                0x1fff9d78        0xa ./SDK/platform/drivers/src/edma/edma_irq.o
                0x1fff9d78                DMA5_IRQHandler
 .text.DMA6_IRQHandler
                0x1fff9d82        0xa ./SDK/platform/drivers/src/edma/edma_irq.o
                0x1fff9d82                DMA6_IRQHandler
 .text.DMA7_IRQHandler
                0x1fff9d8c        0xa ./SDK/platform/drivers/src/edma/edma_irq.o
                0x1fff9d8c                DMA7_IRQHandler
 .text.DMA8_IRQHandler
                0x1fff9d96        0xa ./SDK/platform/drivers/src/edma/edma_irq.o
                0x1fff9d96                DMA8_IRQHandler
 .text.DMA9_IRQHandler
                0x1fff9da0        0xa ./SDK/platform/drivers/src/edma/edma_irq.o
                0x1fff9da0                DMA9_IRQHandler
 .text.DMA10_IRQHandler
                0x1fff9daa        0xa ./SDK/platform/drivers/src/edma/edma_irq.o
                0x1fff9daa                DMA10_IRQHandler
 .text.DMA11_IRQHandler
                0x1fff9db4        0xa ./SDK/platform/drivers/src/edma/edma_irq.o
                0x1fff9db4                DMA11_IRQHandler
 .text.DMA12_IRQHandler
                0x1fff9dbe        0xa ./SDK/platform/drivers/src/edma/edma_irq.o
                0x1fff9dbe                DMA12_IRQHandler
 .text.DMA13_IRQHandler
                0x1fff9dc8        0xa ./SDK/platform/drivers/src/edma/edma_irq.o
                0x1fff9dc8                DMA13_IRQHandler
 .text.DMA14_IRQHandler
                0x1fff9dd2        0xa ./SDK/platform/drivers/src/edma/edma_irq.o
                0x1fff9dd2                DMA14_IRQHandler
 .text.DMA15_IRQHandler
                0x1fff9ddc        0xa ./SDK/platform/drivers/src/edma/edma_irq.o
                0x1fff9ddc                DMA15_IRQHandler
 .text.DMA_Error_IRQHandler
                0x1fff9de6       0x28 ./SDK/platform/drivers/src/edma/edma_irq.o
                0x1fff9de6                DMA_Error_IRQHandler
 *fill*         0x1fff9e0e        0x2 
 .text.INT_SYS_InstallHandler
                0x1fff9e10       0x30 ./SDK/platform/drivers/src/interrupt/interrupt_manager.o
                0x1fff9e10                INT_SYS_InstallHandler
 .text.INT_SYS_EnableIRQ
                0x1fff9e40       0x18 ./SDK/platform/drivers/src/interrupt/interrupt_manager.o
                0x1fff9e40                INT_SYS_EnableIRQ
 .text.INT_SYS_EnableIRQGlobal
                0x1fff9e58       0x1c ./SDK/platform/drivers/src/interrupt/interrupt_manager.o
                0x1fff9e58                INT_SYS_EnableIRQGlobal
 .text.INT_SYS_DisableIRQGlobal
                0x1fff9e74       0x10 ./SDK/platform/drivers/src/interrupt/interrupt_manager.o
                0x1fff9e74                INT_SYS_DisableIRQGlobal
 .text.LPUART_DRV_CompleteSendDataUsingInt
                0x1fff9e84       0x64 ./SDK/platform/drivers/src/lpuart/lpuart_driver.o
 .text.LPUART_DRV_StopTxDma
                0x1fff9ee8       0x64 ./SDK/platform/drivers/src/lpuart/lpuart_driver.o
 .text.LPUART_DRV_PutData
                0x1fff9f4c       0x44 ./SDK/platform/drivers/src/lpuart/lpuart_driver.o
 .text.LPUART_DRV_StartReceiveDataUsingInt
                0x1fff9f90       0x54 ./SDK/platform/drivers/src/lpuart/lpuart_driver.o
 .text.LPUART_DRV_StartReceiveDataUsingDma
                0x1fff9fe4       0x9c ./SDK/platform/drivers/src/lpuart/lpuart_driver.o
 .text.LPUART_DRV_CompleteReceiveDataUsingInt
                0x1fffa080       0x64 ./SDK/platform/drivers/src/lpuart/lpuart_driver.o
 .text.LPUART_DRV_StopRxDma
                0x1fffa0e4       0x64 ./SDK/platform/drivers/src/lpuart/lpuart_driver.o
 .text.LPUART_DRV_RxDmaCallback
                0x1fffa148       0xa4 ./SDK/platform/drivers/src/lpuart/lpuart_driver.o
 .text.LPUART_DRV_GetData
                0x1fffa1ec       0x5c ./SDK/platform/drivers/src/lpuart/lpuart_driver.o
 .text.LPUART_DRV_InstallRxCallback
                0x1fffa248       0x14 ./SDK/platform/drivers/src/lpuart/lpuart_driver.o
                0x1fffa248                LPUART_DRV_InstallRxCallback
 .text.LPUART_DRV_ReceiveData
                0x1fffa25c       0x24 ./SDK/platform/drivers/src/lpuart/lpuart_driver.o
                0x1fffa25c                LPUART_DRV_ReceiveData
 .text.LPUART_DRV_SetBaudRate
                0x1fffa280       0xd4 ./SDK/platform/drivers/src/lpuart/lpuart_driver.o
                0x1fffa280                LPUART_DRV_SetBaudRate
 .text.LPUART_DRV_Init
                0x1fffa354       0xe0 ./SDK/platform/drivers/src/lpuart/lpuart_driver.o
                0x1fffa354                LPUART_DRV_Init
 .text.LPUART_DRV_SetRxBuffer
                0x1fffa434       0x14 ./SDK/platform/drivers/src/lpuart/lpuart_driver.o
                0x1fffa434                LPUART_DRV_SetRxBuffer
 .text.LPUART_DRV_IRQHandler
                0x1fffa448      0x2a8 ./SDK/platform/drivers/src/lpuart/lpuart_driver.o
                0x1fffa448                LPUART_DRV_IRQHandler
 .text.LPUART_Init
                0x1fffa6f0       0x24 ./SDK/platform/drivers/src/lpuart/lpuart_hw_access.o
                0x1fffa6f0                LPUART_Init
 .text.LPUART_SetBitCountPerChar
                0x1fffa714       0x30 ./SDK/platform/drivers/src/lpuart/lpuart_hw_access.o
                0x1fffa714                LPUART_SetBitCountPerChar
 .text.LPUART_SetParityMode
                0x1fffa744       0x1e ./SDK/platform/drivers/src/lpuart/lpuart_hw_access.o
                0x1fffa744                LPUART_SetParityMode
 .text.LPUART_Putchar9
                0x1fffa762       0x16 ./SDK/platform/drivers/src/lpuart/lpuart_hw_access.o
                0x1fffa762                LPUART_Putchar9
 .text.LPUART_Putchar10
                0x1fffa778       0x22 ./SDK/platform/drivers/src/lpuart/lpuart_hw_access.o
                0x1fffa778                LPUART_Putchar10
 .text.LPUART_Getchar9
                0x1fffa79a       0x12 ./SDK/platform/drivers/src/lpuart/lpuart_hw_access.o
                0x1fffa79a                LPUART_Getchar9
 .text.LPUART_Getchar10
                0x1fffa7ac       0x1e ./SDK/platform/drivers/src/lpuart/lpuart_hw_access.o
                0x1fffa7ac                LPUART_Getchar10
 .text.LPUART_SetIntMode
                0x1fffa7ca       0x70 ./SDK/platform/drivers/src/lpuart/lpuart_hw_access.o
                0x1fffa7ca                LPUART_SetIntMode
 .text.LPUART_GetIntMode
                0x1fffa83a       0x4a ./SDK/platform/drivers/src/lpuart/lpuart_hw_access.o
                0x1fffa83a                LPUART_GetIntMode
 .text.LPUART_GetStatusFlag
                0x1fffa884       0x48 ./SDK/platform/drivers/src/lpuart/lpuart_hw_access.o
                0x1fffa884                LPUART_GetStatusFlag
 .text.LPUART_SetErrorInterrupts
                0x1fffa8cc       0x40 ./SDK/platform/drivers/src/lpuart/lpuart_hw_access.o
                0x1fffa8cc                LPUART_SetErrorInterrupts
 .text.LPUART0_IrqHandler
                0x1fffa90c        0xa ./SDK/platform/drivers/src/lpuart/lpuart_irq.o
                0x1fffa90c                LPUART0_IrqHandler
 .text.LPUART1_IrqHandler
                0x1fffa916        0xa ./SDK/platform/drivers/src/lpuart/lpuart_irq.o
                0x1fffa916                LPUART1_IrqHandler
 .text.LPUART2_IrqHandler
                0x1fffa920        0xa ./SDK/platform/drivers/src/lpuart/lpuart_irq.o
                0x1fffa920                LPUART2_IrqHandler
 .text.PINS_DRV_Init
                0x1fffa92a       0x20 ./SDK/platform/drivers/src/pins/pins_driver.o
                0x1fffa92a                PINS_DRV_Init
 .text.PINS_DRV_SetPins
                0x1fffa94a        0x4 ./SDK/platform/drivers/src/pins/pins_driver.o
                0x1fffa94a                PINS_DRV_SetPins
 *fill*         0x1fffa94e        0x2 
 .text.PINS_GetAdcInterleaveVal
                0x1fffa950       0x70 ./SDK/platform/drivers/src/pins/pins_port_hw_access.o
 .text.PINS_Init
                0x1fffa9c0      0x114 ./SDK/platform/drivers/src/pins/pins_port_hw_access.o
                0x1fffa9c0                PINS_Init
 .text.vListInitialise
                0x1fffaad4       0x16 ./SDK/rtos/FreeRTOS_S32K/Source/list.o
                0x1fffaad4                vListInitialise
 .text.vListInitialiseItem
                0x1fffaaea        0x6 ./SDK/rtos/FreeRTOS_S32K/Source/list.o
                0x1fffaaea                vListInitialiseItem
 .text.vListInsertEnd
                0x1fffaaf0       0x18 ./SDK/rtos/FreeRTOS_S32K/Source/list.o
                0x1fffaaf0                vListInsertEnd
 .text.vListInsert
                0x1fffab08       0x34 ./SDK/rtos/FreeRTOS_S32K/Source/list.o
                0x1fffab08                vListInsert
 .text.uxListRemove
                0x1fffab3c       0x26 ./SDK/rtos/FreeRTOS_S32K/Source/list.o
                0x1fffab3c                uxListRemove
 .text.prvIsQueueEmpty
                0x1fffab62       0x16 ./SDK/rtos/FreeRTOS_S32K/Source/queue.o
 .text.prvCopyDataToQueue
                0x1fffab78       0x76 ./SDK/rtos/FreeRTOS_S32K/Source/queue.o
 .text.prvCopyDataFromQueue
                0x1fffabee       0x24 ./SDK/rtos/FreeRTOS_S32K/Source/queue.o
 .text.prvUnlockQueue
                0x1fffac12       0x82 ./SDK/rtos/FreeRTOS_S32K/Source/queue.o
 .text.xQueueGenericReset
                0x1fffac94       0x80 ./SDK/rtos/FreeRTOS_S32K/Source/queue.o
                0x1fffac94                xQueueGenericReset
 .text.xQueueGenericCreate
                0x1fffad14       0x44 ./SDK/rtos/FreeRTOS_S32K/Source/queue.o
                0x1fffad14                xQueueGenericCreate
 .text.xQueueCreateCountingSemaphore
                0x1fffad58       0x40 ./SDK/rtos/FreeRTOS_S32K/Source/queue.o
                0x1fffad58                xQueueCreateCountingSemaphore
 .text.xQueueGenericSend
                0x1fffad98      0x188 ./SDK/rtos/FreeRTOS_S32K/Source/queue.o
                0x1fffad98                xQueueGenericSend
 .text.xQueueGenericSendFromISR
                0x1fffaf20       0xd6 ./SDK/rtos/FreeRTOS_S32K/Source/queue.o
                0x1fffaf20                xQueueGenericSendFromISR
 .text.xQueueGiveFromISR
                0x1fffaff6       0xb2 ./SDK/rtos/FreeRTOS_S32K/Source/queue.o
                0x1fffaff6                xQueueGiveFromISR
 .text.xQueueReceive
                0x1fffb0a8      0x158 ./SDK/rtos/FreeRTOS_S32K/Source/queue.o
                0x1fffb0a8                xQueueReceive
 .text.vQueueWaitForMessageRestricted
                0x1fffb200       0x4e ./SDK/rtos/FreeRTOS_S32K/Source/queue.o
                0x1fffb200                vQueueWaitForMessageRestricted
 *fill*         0x1fffb24e        0x2 
 .text.prvResetNextTaskUnblockTime
                0x1fffb250       0x2c ./SDK/rtos/FreeRTOS_S32K/Source/tasks.o
 .text.prvIdleTask
                0x1fffb27c       0x70 ./SDK/rtos/FreeRTOS_S32K/Source/tasks.o
 .text.prvAddCurrentTaskToDelayedList
                0x1fffb2ec       0xa0 ./SDK/rtos/FreeRTOS_S32K/Source/tasks.o
 .text.xTaskCreate
                0x1fffb38c      0x1cc ./SDK/rtos/FreeRTOS_S32K/Source/tasks.o
                0x1fffb38c                xTaskCreate
 .text.vTaskStartScheduler
                0x1fffb558       0x84 ./SDK/rtos/FreeRTOS_S32K/Source/tasks.o
                0x1fffb558                vTaskStartScheduler
 .text.vTaskSuspendAll
                0x1fffb5dc       0x10 ./SDK/rtos/FreeRTOS_S32K/Source/tasks.o
                0x1fffb5dc                vTaskSuspendAll
 .text.xTaskGetTickCount
                0x1fffb5ec        0xc ./SDK/rtos/FreeRTOS_S32K/Source/tasks.o
                0x1fffb5ec                xTaskGetTickCount
 .text.xTaskIncrementTick
                0x1fffb5f8      0x128 ./SDK/rtos/FreeRTOS_S32K/Source/tasks.o
                0x1fffb5f8                xTaskIncrementTick
 .text.xTaskResumeAll
                0x1fffb720      0x100 ./SDK/rtos/FreeRTOS_S32K/Source/tasks.o
                0x1fffb720                xTaskResumeAll
 .text.vTaskDelay
                0x1fffb820       0x4c ./SDK/rtos/FreeRTOS_S32K/Source/tasks.o
                0x1fffb820                vTaskDelay
 .text.vTaskSwitchContext
                0x1fffb86c       0x94 ./SDK/rtos/FreeRTOS_S32K/Source/tasks.o
                0x1fffb86c                vTaskSwitchContext
 .text.vTaskPlaceOnEventList
                0x1fffb900       0x30 ./SDK/rtos/FreeRTOS_S32K/Source/tasks.o
                0x1fffb900                vTaskPlaceOnEventList
 .text.vTaskPlaceOnEventListRestricted
                0x1fffb930       0x3c ./SDK/rtos/FreeRTOS_S32K/Source/tasks.o
                0x1fffb930                vTaskPlaceOnEventListRestricted
 .text.xTaskRemoveFromEventList
                0x1fffb96c       0x88 ./SDK/rtos/FreeRTOS_S32K/Source/tasks.o
                0x1fffb96c                xTaskRemoveFromEventList
 .text.vTaskInternalSetTimeOutState
                0x1fffb9f4       0x18 ./SDK/rtos/FreeRTOS_S32K/Source/tasks.o
                0x1fffb9f4                vTaskInternalSetTimeOutState
 .text.xTaskCheckForTimeOut
                0x1fffba0c       0x9c ./SDK/rtos/FreeRTOS_S32K/Source/tasks.o
                0x1fffba0c                xTaskCheckForTimeOut
 .text.vTaskMissedYield
                0x1fffbaa8        0xc ./SDK/rtos/FreeRTOS_S32K/Source/tasks.o
                0x1fffbaa8                vTaskMissedYield
 .text.xTaskGetSchedulerState
                0x1fffbab4       0x20 ./SDK/rtos/FreeRTOS_S32K/Source/tasks.o
                0x1fffbab4                xTaskGetSchedulerState
 .text.xTaskPriorityDisinherit
                0x1fffbad4       0xb0 ./SDK/rtos/FreeRTOS_S32K/Source/tasks.o
                0x1fffbad4                xTaskPriorityDisinherit
 .text.prvInsertTimerInActiveList
                0x1fffbb84       0x48 ./SDK/rtos/FreeRTOS_S32K/Source/timers.o
 .text.prvCheckForValidListAndQueue
                0x1fffbbcc       0x50 ./SDK/rtos/FreeRTOS_S32K/Source/timers.o
 .text.xTimerCreateTimerTask
                0x1fffbc1c       0x4c ./SDK/rtos/FreeRTOS_S32K/Source/timers.o
                0x1fffbc1c                xTimerCreateTimerTask
 .text.xTimerGenericCommand
                0x1fffbc68       0x60 ./SDK/rtos/FreeRTOS_S32K/Source/timers.o
                0x1fffbc68                xTimerGenericCommand
 .text.prvSampleTimeNow
                0x1fffbcc8       0xa8 ./SDK/rtos/FreeRTOS_S32K/Source/timers.o
 .text.prvTimerTask
                0x1fffbd70      0x1c8 ./SDK/rtos/FreeRTOS_S32K/Source/timers.o
 .text.prvTaskExitError
                0x1fffbf38       0x40 ./SDK/rtos/FreeRTOS_S32K/Source/portable/GCC/ARM_CM4F/port.o
 .text.prvPortStartFirstTask
                0x1fffbf78       0x28 ./SDK/rtos/FreeRTOS_S32K/Source/portable/GCC/ARM_CM4F/port.o
 .text.vPortEnableVFP
                0x1fffbfa0       0x14 ./SDK/rtos/FreeRTOS_S32K/Source/portable/GCC/ARM_CM4F/port.o
 .text.pxPortInitialiseStack
                0x1fffbfb4       0x2c ./SDK/rtos/FreeRTOS_S32K/Source/portable/GCC/ARM_CM4F/port.o
                0x1fffbfb4                pxPortInitialiseStack
 .text.SVC_Handler
                0x1fffbfe0       0x24 ./SDK/rtos/FreeRTOS_S32K/Source/portable/GCC/ARM_CM4F/port.o
                0x1fffbfe0                SVC_Handler
 .text.vPortEnterCritical
                0x1fffc004       0x44 ./SDK/rtos/FreeRTOS_S32K/Source/portable/GCC/ARM_CM4F/port.o
                0x1fffc004                vPortEnterCritical
 .text.vPortExitCritical
                0x1fffc048       0x2c ./SDK/rtos/FreeRTOS_S32K/Source/portable/GCC/ARM_CM4F/port.o
                0x1fffc048                vPortExitCritical
 *fill*         0x1fffc074        0xc 
 .text.PendSV_Handler
                0x1fffc080       0x64 ./SDK/rtos/FreeRTOS_S32K/Source/portable/GCC/ARM_CM4F/port.o
                0x1fffc080                PendSV_Handler
 .text.SysTick_Handler
                0x1fffc0e4       0x2c ./SDK/rtos/FreeRTOS_S32K/Source/portable/GCC/ARM_CM4F/port.o
                0x1fffc0e4                SysTick_Handler
 .text.vPortSetupTimerInterrupt
                0x1fffc110       0x24 ./SDK/rtos/FreeRTOS_S32K/Source/portable/GCC/ARM_CM4F/port.o
                0x1fffc110                vPortSetupTimerInterrupt
 .text.xPortStartScheduler
                0x1fffc134      0x118 ./SDK/rtos/FreeRTOS_S32K/Source/portable/GCC/ARM_CM4F/port.o
                0x1fffc134                xPortStartScheduler
 .text.vPortValidateInterruptPriority
                0x1fffc24c       0x5c ./SDK/rtos/FreeRTOS_S32K/Source/portable/GCC/ARM_CM4F/port.o
                0x1fffc24c                vPortValidateInterruptPriority
 .text.pvPortMalloc
                0x1fffc2a8       0xc8 ./SDK/rtos/FreeRTOS_S32K/Source/portable/MemMang/heap_2.o
                0x1fffc2a8                pvPortMalloc
 .text.vPortFree
                0x1fffc370       0x44 ./SDK/rtos/FreeRTOS_S32K/Source/portable/MemMang/heap_2.o
                0x1fffc370                vPortFree
 .text.OSIF_SemaPost
                0x1fffc3b4       0x58 ./SDK/rtos/osif/osif_freertos.o
                0x1fffc3b4                OSIF_SemaPost
 .text.OSIF_SemaCreate
                0x1fffc40c       0x14 ./SDK/rtos/osif/osif_freertos.o
                0x1fffc40c                OSIF_SemaCreate
 .text.rxCallback
                0x1fffc420       0x34 ./Sources/main.o
                0x1fffc420                rxCallback
 .text.receive_data
                0x1fffc454        0xe ./Sources/main.o
                0x1fffc454                receive_data
 *fill*         0x1fffc462        0x2 
 .text.send_data
                0x1fffc464       0x20 ./Sources/main.o
                0x1fffc464                send_data
 .text.rtos_start
                0x1fffc484       0x40 ./Sources/main.o
                0x1fffc484                rtos_start
 .text.main     0x1fffc4c4       0x5c ./Sources/main.o
                0x1fffc4c4                main
 .text.memcpy   0x1fffc520       0x16 C:/NXP/S32DS_ARM_v2.2/S32DS/build_tools/gcc_v6.3/gcc-6.3-arm32-eabi/arm-none-eabi/newlib/lib/thumb/v7e-m/fpv4-sp/hard\libc_nano.a(lib_a-memcpy-stub.o)
                0x1fffc520                memcpy
 .text.memset   0x1fffc536       0x10 C:/NXP/S32DS_ARM_v2.2/S32DS/build_tools/gcc_v6.3/gcc-6.3-arm32-eabi/arm-none-eabi/newlib/lib/thumb/v7e-m/fpv4-sp/hard\libc_nano.a(lib_a-memset.o)
                0x1fffc536                memset
 *(.rodata)
 *(.rodata*)
 *fill*         0x1fffc546        0x2 
 .rodata.lpuart1_InitConfig0
                0x1fffc548        0xc ./Generated_Code/lpuart1.o
                0x1fffc548                lpuart1_InitConfig0
 .rodata.clockNameMappings
                0x1fffc554       0x9e ./SDK/platform/drivers/src/clock/S32K1xx/clock_S32K1xx.o
                0x1fffc554                clockNameMappings
 *fill*         0x1fffc5f2        0x2 
 .rodata.maxSysClksInHSRUN.7598
                0x1fffc5f4       0x54 ./SDK/platform/drivers/src/clock/S32K1xx/clock_S32K1xx.o
 .rodata.maxSysClksInRUN.7597
                0x1fffc648       0x54 ./SDK/platform/drivers/src/clock/S32K1xx/clock_S32K1xx.o
 .rodata.maxSysClksInVLPR.7596
                0x1fffc69c       0x54 ./SDK/platform/drivers/src/clock/S32K1xx/clock_S32K1xx.o
 .rodata.peripheralFeaturesList
                0x1fffc6f0       0x4f ./SDK/platform/drivers/src/clock/S32K1xx/clock_S32K1xx.o
                0x1fffc6f0                peripheralFeaturesList
 *fill*         0x1fffc73f        0x1 
 .rodata.s_lpuartBase
                0x1fffc740        0xc ./SDK/platform/drivers/src/lpuart/lpuart_driver.o
 .rodata.s_lpuartClkNames
                0x1fffc74c        0x3 ./SDK/platform/drivers/src/lpuart/lpuart_driver.o
 *fill*         0x1fffc74f        0x1 
 .rodata.s_lpuartRxTxIrqId
                0x1fffc750        0x3 ./SDK/platform/drivers/src/lpuart/lpuart_driver.o
 *fill*         0x1fffc753        0x1 
 .rodata.vTaskStartScheduler.str1.4
                0x1fffc754        0x5 ./SDK/rtos/FreeRTOS_S32K/Source/tasks.o
 *fill*         0x1fffc759        0x3 
 .rodata.xTimerCreateTimerTask.str1.4
                0x1fffc75c        0x8 ./SDK/rtos/FreeRTOS_S32K/Source/timers.o
 .rodata.rtos_start.str1.4
                0x1fffc764       0x1c ./Sources/main.o
                                 0x19 (size before relaxing)
 *(.init)
 .init          0x1fffc780        0x4 c:/nxp/s32ds_arm_v2.2/s32ds/build_tools/gcc_v6.3/gcc-6.3-arm32-eabi/bin/../lib/gcc/arm-none-eabi/6.3.1/thumb/v7e-m/fpv4-sp/hard/crti.o
                0x1fffc780                _init
 *(.fini)
 .fini          0x1fffc784        0x4 c:/nxp/s32ds_arm_v2.2/s32ds/build_tools/gcc_v6.3/gcc-6.3-arm32-eabi/bin/../lib/gcc/arm-none-eabi/6.3.1/thumb/v7e-m/fpv4-sp/hard/crti.o
                0x1fffc784                _fini
 *(.eh_frame)
                0x1fffc788                . = ALIGN (0x4)

.glue_7         0x1fffc788        0x0
 .glue_7        0x1fffc788        0x0 linker stubs

.glue_7t        0x1fffc788        0x0
 .glue_7t       0x1fffc788        0x0 linker stubs

.vfp11_veneer   0x1fffc788        0x0
 .vfp11_veneer  0x1fffc788        0x0 linker stubs

.v4_bx          0x1fffc788        0x0
 .v4_bx         0x1fffc788        0x0 linker stubs

.iplt           0x1fffc788        0x0
 .iplt          0x1fffc788        0x0 c:/nxp/s32ds_arm_v2.2/s32ds/build_tools/gcc_v6.3/gcc-6.3-arm32-eabi/bin/../lib/gcc/arm-none-eabi/6.3.1/thumb/v7e-m/fpv4-sp/hard/crtbegin.o

.rel.dyn        0x1fffc788        0x0
 .rel.iplt      0x1fffc788        0x0 c:/nxp/s32ds_arm_v2.2/s32ds/build_tools/gcc_v6.3/gcc-6.3-arm32-eabi/bin/../lib/gcc/arm-none-eabi/6.3.1/thumb/v7e-m/fpv4-sp/hard/crtbegin.o

.ARM            0x1fffc788        0x0
                0x1fffc788                __exidx_start = .
 *(.ARM.exidx*)
                0x1fffc788                __exidx_end = .

.code_ram       0x1fffc788        0x0
                0x1fffc788                . = ALIGN (0x4)
                0x1fffc788                __CODE_RAM = .
                0x1fffc788                __code_ram_start__ = .
 *(.code_ram)
                0x1fffc788                __CODE_ROM = .
                0x1fffc788                __CODE_END = .
                0x1fffc788                __code_ram_end__ = .
                0x1fffc788                . = ALIGN (0x4)
                0x1fffc788                __etext = .
                0x1fffc788                __DATA_ROM = .
                0x1fffc788                __DATA_END = __DATA_ROM

.customSectionBlock
                0x20000000        0x0
                0x20000000                __customSection_start__ = .
 *(.customSection)
                0x20000000                __customSection_end__ = .
                0x20000000                __CUSTOM_ROM = .
                0x20000000                __CUSTOM_END = .

.data           0x20000000      0x1a8
                0x20000000                . = ALIGN (0x4)
                0x20000000                __DATA_RAM = .
                0x20000000                __data_start__ = .
 *(.data)
 *(.data*)
 .data.clockMan1_InitConfig0
                0x20000000       0x78 ./Generated_Code/clockMan1.o
                0x20000000                clockMan1_InitConfig0
 .data.g_clockManConfigsArr
                0x20000078        0x4 ./Generated_Code/clockMan1.o
                0x20000078                g_clockManConfigsArr
 .data.peripheralClockConfig0
                0x2000007c       0x2d ./Generated_Code/clockMan1.o
                0x2000007c                peripheralClockConfig0
 *fill*         0x200000a9        0x3 
 .data.g_pin_mux_InitConfigArr
                0x200000ac       0x48 ./Generated_Code/pin_mux.o
                0x200000ac                g_pin_mux_InitConfigArr
 .data.peripheralClockConfig.7360
                0x200000f4       0xa0 ./SDK/platform/drivers/src/clock/S32K1xx/clock_S32K1xx.o
 .data.g_lpuartIsr
                0x20000194        0xc ./SDK/platform/drivers/src/lpuart/lpuart_irq.o
                0x20000194                g_lpuartIsr
 .data.uxCriticalNesting
                0x200001a0        0x4 ./SDK/rtos/FreeRTOS_S32K/Source/portable/GCC/ARM_CM4F/port.o
 .data.xFreeBytesRemaining
                0x200001a4        0x4 ./SDK/rtos/FreeRTOS_S32K/Source/portable/MemMang/heap_2.o
                0x200001a8                . = ALIGN (0x4)
                0x200001a8                __data_end__ = .

.igot.plt       0x200001a8        0x0
 .igot.plt      0x200001a8        0x0 c:/nxp/s32ds_arm_v2.2/s32ds/build_tools/gcc_v6.3/gcc-6.3-arm32-eabi/bin/../lib/gcc/arm-none-eabi/6.3.1/thumb/v7e-m/fpv4-sp/hard/crtbegin.o

.bss            0x200001a8     0x2310
                0x200001a8                . = ALIGN (0x4)
                0x200001a8                __BSS_START = .
                0x200001a8                __bss_start__ = .
 *(.bss)
 *(.bss*)
 .bss.g_clockManCallbacksArr
                0x200001a8        0x4 ./Generated_Code/clockMan1.o
                0x200001a8                g_clockManCallbacksArr
 .bss.lpuart1_State
                0x200001ac       0x38 ./Generated_Code/lpuart1.o
                0x200001ac                lpuart1_State
 .bss.g_RtcClkInFreq
                0x200001e4        0x4 ./SDK/platform/drivers/src/clock/S32K1xx/clock_S32K1xx.o
                0x200001e4                g_RtcClkInFreq
 .bss.g_TClkFreq
                0x200001e8        0xc ./SDK/platform/drivers/src/clock/S32K1xx/clock_S32K1xx.o
                0x200001e8                g_TClkFreq
 .bss.g_clockState
                0x200001f4       0x10 ./SDK/platform/drivers/src/clock/S32K1xx/clock_S32K1xx.o
 .bss.g_xtal0ClkFreq
                0x20000204        0x4 ./SDK/platform/drivers/src/clock/S32K1xx/clock_S32K1xx.o
                0x20000204                g_xtal0ClkFreq
 .bss.s_virtEdmaState
                0x20000208        0x4 ./SDK/platform/drivers/src/edma/edma_driver.o
 .bss.g_interruptDisableCount
                0x2000020c        0x4 ./SDK/platform/drivers/src/interrupt/interrupt_manager.o
 .bss.s_lpuartStatePtr
                0x20000210        0xc ./SDK/platform/drivers/src/lpuart/lpuart_driver.o
 .bss.pxCurrentTCB
                0x2000021c        0x4 ./SDK/rtos/FreeRTOS_S32K/Source/tasks.o
                0x2000021c                pxCurrentTCB
 .bss.pxDelayedTaskList
                0x20000220        0x4 ./SDK/rtos/FreeRTOS_S32K/Source/tasks.o
 .bss.pxOverflowDelayedTaskList
                0x20000224        0x4 ./SDK/rtos/FreeRTOS_S32K/Source/tasks.o
 .bss.pxReadyTasksLists
                0x20000228       0xa0 ./SDK/rtos/FreeRTOS_S32K/Source/tasks.o
 .bss.uxCurrentNumberOfTasks
                0x200002c8        0x4 ./SDK/rtos/FreeRTOS_S32K/Source/tasks.o
 .bss.uxDeletedTasksWaitingCleanUp
                0x200002cc        0x4 ./SDK/rtos/FreeRTOS_S32K/Source/tasks.o
 .bss.uxPendedTicks
                0x200002d0        0x4 ./SDK/rtos/FreeRTOS_S32K/Source/tasks.o
 .bss.uxSchedulerSuspended
                0x200002d4        0x4 ./SDK/rtos/FreeRTOS_S32K/Source/tasks.o
 .bss.uxTaskNumber
                0x200002d8        0x4 ./SDK/rtos/FreeRTOS_S32K/Source/tasks.o
 .bss.uxTopReadyPriority
                0x200002dc        0x4 ./SDK/rtos/FreeRTOS_S32K/Source/tasks.o
 .bss.xDelayedTaskList1
                0x200002e0       0x14 ./SDK/rtos/FreeRTOS_S32K/Source/tasks.o
 .bss.xDelayedTaskList2
                0x200002f4       0x14 ./SDK/rtos/FreeRTOS_S32K/Source/tasks.o
 .bss.xIdleTaskHandle
                0x20000308        0x4 ./SDK/rtos/FreeRTOS_S32K/Source/tasks.o
 .bss.xNextTaskUnblockTime
                0x2000030c        0x4 ./SDK/rtos/FreeRTOS_S32K/Source/tasks.o
 .bss.xNumOfOverflows
                0x20000310        0x4 ./SDK/rtos/FreeRTOS_S32K/Source/tasks.o
 .bss.xPendingReadyList
                0x20000314       0x14 ./SDK/rtos/FreeRTOS_S32K/Source/tasks.o
 .bss.xSchedulerRunning
                0x20000328        0x4 ./SDK/rtos/FreeRTOS_S32K/Source/tasks.o
 .bss.xSuspendedTaskList
                0x2000032c       0x14 ./SDK/rtos/FreeRTOS_S32K/Source/tasks.o
 .bss.xTasksWaitingTermination
                0x20000340       0x14 ./SDK/rtos/FreeRTOS_S32K/Source/tasks.o
 .bss.xTickCount
                0x20000354        0x4 ./SDK/rtos/FreeRTOS_S32K/Source/tasks.o
 .bss.xYieldPending
                0x20000358        0x4 ./SDK/rtos/FreeRTOS_S32K/Source/tasks.o
 .bss.pxCurrentTimerList
                0x2000035c        0x4 ./SDK/rtos/FreeRTOS_S32K/Source/timers.o
 .bss.pxOverflowTimerList
                0x20000360        0x4 ./SDK/rtos/FreeRTOS_S32K/Source/timers.o
 .bss.xActiveTimerList1
                0x20000364       0x14 ./SDK/rtos/FreeRTOS_S32K/Source/timers.o
 .bss.xActiveTimerList2
                0x20000378       0x14 ./SDK/rtos/FreeRTOS_S32K/Source/timers.o
 .bss.xLastTime.6385
                0x2000038c        0x4 ./SDK/rtos/FreeRTOS_S32K/Source/timers.o
 .bss.xTimerQueue
                0x20000390        0x4 ./SDK/rtos/FreeRTOS_S32K/Source/timers.o
 .bss.xTimerTaskHandle
                0x20000394        0x4 ./SDK/rtos/FreeRTOS_S32K/Source/timers.o
 .bss.ucMaxSysCallPriority
                0x20000398        0x1 ./SDK/rtos/FreeRTOS_S32K/Source/portable/GCC/ARM_CM4F/port.o
 *fill*         0x20000399        0x3 
 .bss.ulMaxPRIGROUPValue
                0x2000039c        0x4 ./SDK/rtos/FreeRTOS_S32K/Source/portable/GCC/ARM_CM4F/port.o
 .bss.ucHeap    0x200003a0     0x2000 ./SDK/rtos/FreeRTOS_S32K/Source/portable/MemMang/heap_2.o
 .bss.xEnd      0x200023a0        0x8 ./SDK/rtos/FreeRTOS_S32K/Source/portable/MemMang/heap_2.o
 .bss.xHeapHasBeenInitialised.6103
                0x200023a8        0x4 ./SDK/rtos/FreeRTOS_S32K/Source/portable/MemMang/heap_2.o
 .bss.xStart    0x200023ac        0x8 ./SDK/rtos/FreeRTOS_S32K/Source/portable/MemMang/heap_2.o
 .bss.buffer    0x200023b4      0x100 ./Sources/main.o
                0x200023b4                buffer
 .bss.bufferIdx
                0x200024b4        0x1 ./Sources/main.o
                0x200024b4                bufferIdx
 *(COMMON)
                0x200024b8                . = ALIGN (0x4)
 *fill*         0x200024b5        0x3 
                0x200024b8                __bss_end__ = .
                0x200024b8                __BSS_END = .

.heap           0x200024b8      0x400
                0x200024b8                . = ALIGN (0x8)
                0x200024b8                __end__ = .
                0x200024b8                __heap_start__ = .
                [!provide]                PROVIDE (end, .)
                [!provide]                PROVIDE (_end, .)
                [!provide]                PROVIDE (__end, .)
                0x200024b8                __HeapBase = .
                0x200028b8                . = (. + HEAP_SIZE)
 *fill*         0x200024b8      0x400 
                0x200028b8                __HeapLimit = .
                0x200028b8                __heap_limit = .
                0x200028b8                __heap_end__ = .
                0x20007000                __StackTop = (ORIGIN (m_data) + LENGTH (m_data))
                0x20006c00                __StackLimit = (__StackTop - STACK_SIZE)
                0x20007000                PROVIDE (__stack, __StackTop)

.stack          0x20006c00      0x400
                0x20006c00                . = ALIGN (0x8)
                0x20006c00                __stack_start__ = .
                0x20007000                . = (. + STACK_SIZE)
 *fill*         0x20006c00      0x400 
                0x20007000                __stack_end__ = .

.ARM.attributes
                0x00000000       0x30
 *(.ARM.attributes)
 .ARM.attributes
                0x00000000       0x22 c:/nxp/s32ds_arm_v2.2/s32ds/build_tools/gcc_v6.3/gcc-6.3-arm32-eabi/bin/../lib/gcc/arm-none-eabi/6.3.1/thumb/v7e-m/fpv4-sp/hard/crti.o
 .ARM.attributes
                0x00000022       0x39 ./Generated_Code/clockMan1.o
 .ARM.attributes
                0x0000005b       0x39 ./Generated_Code/lpuart1.o
 .ARM.attributes
                0x00000094       0x39 ./Generated_Code/pin_mux.o
 .ARM.attributes
                0x000000cd       0x1f ./Project_Settings/Startup_Code/startup_S32K144.o
 .ARM.attributes
                0x000000ec       0x39 ./SDK/platform/devices/S32K144/startup/system_S32K144.o
 .ARM.attributes
                0x00000125       0x39 ./SDK/platform/devices/startup.o
 .ARM.attributes
                0x0000015e       0x39 ./SDK/platform/drivers/src/clock/S32K1xx/clock_S32K1xx.o
 .ARM.attributes
                0x00000197       0x39 ./SDK/platform/drivers/src/edma/edma_driver.o
 .ARM.attributes
                0x000001d0       0x39 ./SDK/platform/drivers/src/edma/edma_hw_access.o
 .ARM.attributes
                0x00000209       0x39 ./SDK/platform/drivers/src/edma/edma_irq.o
 .ARM.attributes
                0x00000242       0x39 ./SDK/platform/drivers/src/interrupt/interrupt_manager.o
 .ARM.attributes
                0x0000027b       0x39 ./SDK/platform/drivers/src/lpuart/lpuart_driver.o
 .ARM.attributes
                0x000002b4       0x39 ./SDK/platform/drivers/src/lpuart/lpuart_hw_access.o
 .ARM.attributes
                0x000002ed       0x39 ./SDK/platform/drivers/src/lpuart/lpuart_irq.o
 .ARM.attributes
                0x00000326       0x39 ./SDK/platform/drivers/src/pins/pins_driver.o
 .ARM.attributes
                0x0000035f       0x39 ./SDK/platform/drivers/src/pins/pins_port_hw_access.o
 .ARM.attributes
                0x00000398       0x39 ./SDK/rtos/FreeRTOS_S32K/Source/list.o
 .ARM.attributes
                0x000003d1       0x39 ./SDK/rtos/FreeRTOS_S32K/Source/queue.o
 .ARM.attributes
                0x0000040a       0x39 ./SDK/rtos/FreeRTOS_S32K/Source/tasks.o
 .ARM.attributes
                0x00000443       0x39 ./SDK/rtos/FreeRTOS_S32K/Source/timers.o
 .ARM.attributes
                0x0000047c       0x39 ./SDK/rtos/FreeRTOS_S32K/Source/portable/GCC/ARM_CM4F/port.o
 .ARM.attributes
                0x000004b5       0x39 ./SDK/rtos/FreeRTOS_S32K/Source/portable/MemMang/heap_2.o
 .ARM.attributes
                0x000004ee       0x39 ./SDK/rtos/osif/osif_freertos.o
 .ARM.attributes
                0x00000527       0x39 ./Sources/main.o
 .ARM.attributes
                0x00000560       0x34 C:/NXP/S32DS_ARM_v2.2/S32DS/build_tools/gcc_v6.3/gcc-6.3-arm32-eabi/arm-none-eabi/newlib/lib/thumb/v7e-m/fpv4-sp/hard\libc_nano.a(lib_a-memcpy-stub.o)
 .ARM.attributes
                0x00000594       0x34 C:/NXP/S32DS_ARM_v2.2/S32DS/build_tools/gcc_v6.3/gcc-6.3-arm32-eabi/arm-none-eabi/newlib/lib/thumb/v7e-m/fpv4-sp/hard\libc_nano.a(lib_a-memset.o)
                0x00000001                ASSERT ((__StackLimit >= __HeapLimit), region m_data overflowed with stack and heap)

/DISCARD/
 *(.FlashConfig)
OUTPUT(uart_demo.elf elf32-littlearm)

.debug_info     0x00000000    0x202f7
 .debug_info    0x00000000     0x1c8d ./Generated_Code/clockMan1.o
 .debug_info    0x00001c8d     0x1b65 ./Generated_Code/lpuart1.o
 .debug_info    0x000037f2      0x406 ./Generated_Code/pin_mux.o
 .debug_info    0x00003bf8       0x26 ./Project_Settings/Startup_Code/startup_S32K144.o
 .debug_info    0x00003c1e      0x521 ./SDK/platform/devices/S32K144/startup/system_S32K144.o
 .debug_info    0x0000413f      0x2ad ./SDK/platform/devices/startup.o
 .debug_info    0x000043ec     0x5aaa ./SDK/platform/drivers/src/clock/S32K1xx/clock_S32K1xx.o
 .debug_info    0x00009e96     0x3771 ./SDK/platform/drivers/src/edma/edma_driver.o
 .debug_info    0x0000d607      0x960 ./SDK/platform/drivers/src/edma/edma_hw_access.o
 .debug_info    0x0000df67      0x6db ./SDK/platform/drivers/src/edma/edma_irq.o
 .debug_info    0x0000e642      0x8bd ./SDK/platform/drivers/src/interrupt/interrupt_manager.o
 .debug_info    0x0000eeff     0x2ffe ./SDK/platform/drivers/src/lpuart/lpuart_driver.o
 .debug_info    0x00011efd      0x96c ./SDK/platform/drivers/src/lpuart/lpuart_hw_access.o
 .debug_info    0x00012869      0x127 ./SDK/platform/drivers/src/lpuart/lpuart_irq.o
 .debug_info    0x00012990     0x13d8 ./SDK/platform/drivers/src/pins/pins_driver.o
 .debug_info    0x00013d68      0x8a8 ./SDK/platform/drivers/src/pins/pins_port_hw_access.o
 .debug_info    0x00014610      0xaa8 ./SDK/rtos/FreeRTOS_S32K/Source/list.o
 .debug_info    0x000150b8     0x2633 ./SDK/rtos/FreeRTOS_S32K/Source/queue.o
 .debug_info    0x000176eb     0x2fbd ./SDK/rtos/FreeRTOS_S32K/Source/tasks.o
 .debug_info    0x0001a6a8     0x1a72 ./SDK/rtos/FreeRTOS_S32K/Source/timers.o
 .debug_info    0x0001c11a      0x560 ./SDK/rtos/FreeRTOS_S32K/Source/portable/GCC/ARM_CM4F/port.o
 .debug_info    0x0001c67a      0xb4a ./SDK/rtos/FreeRTOS_S32K/Source/portable/MemMang/heap_2.o
 .debug_info    0x0001d1c4      0xa92 ./SDK/rtos/osif/osif_freertos.o
 .debug_info    0x0001dc56     0x26a1 ./Sources/main.o

.debug_abbrev   0x00000000     0x33e8
 .debug_abbrev  0x00000000      0x143 ./Generated_Code/clockMan1.o
 .debug_abbrev  0x00000143      0x136 ./Generated_Code/lpuart1.o
 .debug_abbrev  0x00000279       0xca ./Generated_Code/pin_mux.o
 .debug_abbrev  0x00000343       0x14 ./Project_Settings/Startup_Code/startup_S32K144.o
 .debug_abbrev  0x00000357      0x140 ./SDK/platform/devices/S32K144/startup/system_S32K144.o
 .debug_abbrev  0x00000497       0xe0 ./SDK/platform/devices/startup.o
 .debug_abbrev  0x00000577      0x3e3 ./SDK/platform/drivers/src/clock/S32K1xx/clock_S32K1xx.o
 .debug_abbrev  0x0000095a      0x422 ./SDK/platform/drivers/src/edma/edma_driver.o
 .debug_abbrev  0x00000d7c      0x205 ./SDK/platform/drivers/src/edma/edma_hw_access.o
 .debug_abbrev  0x00000f81      0x1b8 ./SDK/platform/drivers/src/edma/edma_irq.o
 .debug_abbrev  0x00001139      0x1ce ./SDK/platform/drivers/src/interrupt/interrupt_manager.o
 .debug_abbrev  0x00001307      0x3a4 ./SDK/platform/drivers/src/lpuart/lpuart_driver.o
 .debug_abbrev  0x000016ab      0x1d0 ./SDK/platform/drivers/src/lpuart/lpuart_hw_access.o
 .debug_abbrev  0x0000187b       0xb9 ./SDK/platform/drivers/src/lpuart/lpuart_irq.o
 .debug_abbrev  0x00001934      0x2db ./SDK/platform/drivers/src/pins/pins_driver.o
 .debug_abbrev  0x00001c0f      0x1f5 ./SDK/platform/drivers/src/pins/pins_port_hw_access.o
 .debug_abbrev  0x00001e04      0x1d9 ./SDK/rtos/FreeRTOS_S32K/Source/list.o
 .debug_abbrev  0x00001fdd      0x380 ./SDK/rtos/FreeRTOS_S32K/Source/queue.o
 .debug_abbrev  0x0000235d      0x3c0 ./SDK/rtos/FreeRTOS_S32K/Source/tasks.o
 .debug_abbrev  0x0000271d      0x386 ./SDK/rtos/FreeRTOS_S32K/Source/timers.o
 .debug_abbrev  0x00002aa3      0x229 ./SDK/rtos/FreeRTOS_S32K/Source/portable/GCC/ARM_CM4F/port.o
 .debug_abbrev  0x00002ccc      0x27b ./SDK/rtos/FreeRTOS_S32K/Source/portable/MemMang/heap_2.o
 .debug_abbrev  0x00002f47      0x249 ./SDK/rtos/osif/osif_freertos.o
 .debug_abbrev  0x00003190      0x258 ./Sources/main.o

.debug_aranges  0x00000000      0xc58
 .debug_aranges
                0x00000000       0x18 ./Generated_Code/clockMan1.o
 .debug_aranges
                0x00000018       0x18 ./Generated_Code/lpuart1.o
 .debug_aranges
                0x00000030       0x18 ./Generated_Code/pin_mux.o
 .debug_aranges
                0x00000048       0x20 ./Project_Settings/Startup_Code/startup_S32K144.o
 .debug_aranges
                0x00000068       0x30 ./SDK/platform/devices/S32K144/startup/system_S32K144.o
 .debug_aranges
                0x00000098       0x20 ./SDK/platform/devices/startup.o
 .debug_aranges
                0x000000b8      0x120 ./SDK/platform/drivers/src/clock/S32K1xx/clock_S32K1xx.o
 .debug_aranges
                0x000001d8      0x138 ./SDK/platform/drivers/src/edma/edma_driver.o
 .debug_aranges
                0x00000310       0x88 ./SDK/platform/drivers/src/edma/edma_hw_access.o
 .debug_aranges
                0x00000398       0xa0 ./SDK/platform/drivers/src/edma/edma_irq.o
 .debug_aranges
                0x00000438       0x70 ./SDK/platform/drivers/src/interrupt/interrupt_manager.o
 .debug_aranges
                0x000004a8      0x118 ./SDK/platform/drivers/src/lpuart/lpuart_driver.o
 .debug_aranges
                0x000005c0       0x78 ./SDK/platform/drivers/src/lpuart/lpuart_hw_access.o
 .debug_aranges
                0x00000638       0x30 ./SDK/platform/drivers/src/lpuart/lpuart_irq.o
 .debug_aranges
                0x00000668       0xe0 ./SDK/platform/drivers/src/pins/pins_driver.o
 .debug_aranges
                0x00000748       0x40 ./SDK/platform/drivers/src/pins/pins_port_hw_access.o
 .debug_aranges
                0x00000788       0x40 ./SDK/rtos/FreeRTOS_S32K/Source/list.o
 .debug_aranges
                0x000007c8       0xf0 ./SDK/rtos/FreeRTOS_S32K/Source/queue.o
 .debug_aranges
                0x000008b8      0x1a8 ./SDK/rtos/FreeRTOS_S32K/Source/tasks.o
 .debug_aranges
                0x00000a60       0x98 ./SDK/rtos/FreeRTOS_S32K/Source/timers.o
 .debug_aranges
                0x00000af8       0x80 ./SDK/rtos/FreeRTOS_S32K/Source/portable/GCC/ARM_CM4F/port.o
 .debug_aranges
                0x00000b78       0x38 ./SDK/rtos/FreeRTOS_S32K/Source/portable/MemMang/heap_2.o
 .debug_aranges
                0x00000bb0       0x68 ./SDK/rtos/osif/osif_freertos.o
 .debug_aranges
                0x00000c18       0x40 ./Sources/main.o

.debug_line     0x00000000     0x7150
 .debug_line    0x00000000      0x3ae ./Generated_Code/clockMan1.o
 .debug_line    0x000003ae      0x3ac ./Generated_Code/lpuart1.o
 .debug_line    0x0000075a      0x1be ./Generated_Code/pin_mux.o
 .debug_line    0x00000918       0x82 ./Project_Settings/Startup_Code/startup_S32K144.o
 .debug_line    0x0000099a      0x1ee ./SDK/platform/devices/S32K144/startup/system_S32K144.o
 .debug_line    0x00000b88      0x177 ./SDK/platform/devices/startup.o
 .debug_line    0x00000cff     0x10a1 ./SDK/platform/drivers/src/clock/S32K1xx/clock_S32K1xx.o
 .debug_line    0x00001da0      0x86b ./SDK/platform/drivers/src/edma/edma_driver.o
 .debug_line    0x0000260b      0x353 ./SDK/platform/drivers/src/edma/edma_hw_access.o
 .debug_line    0x0000295e      0x2d2 ./SDK/platform/drivers/src/edma/edma_irq.o
 .debug_line    0x00002c30      0x2ed ./SDK/platform/drivers/src/interrupt/interrupt_manager.o
 .debug_line    0x00002f1d      0x9a3 ./SDK/platform/drivers/src/lpuart/lpuart_driver.o
 .debug_line    0x000038c0      0x39d ./SDK/platform/drivers/src/lpuart/lpuart_hw_access.o
 .debug_line    0x00003c5d       0xdc ./SDK/platform/drivers/src/lpuart/lpuart_irq.o
 .debug_line    0x00003d39      0x494 ./SDK/platform/drivers/src/pins/pins_driver.o
 .debug_line    0x000041cd      0x2cf ./SDK/platform/drivers/src/pins/pins_port_hw_access.o
 .debug_line    0x0000449c      0x2ea ./SDK/rtos/FreeRTOS_S32K/Source/list.o
 .debug_line    0x00004786      0x8a3 ./SDK/rtos/FreeRTOS_S32K/Source/queue.o
 .debug_line    0x00005029      0xc8d ./SDK/rtos/FreeRTOS_S32K/Source/tasks.o
 .debug_line    0x00005cb6      0x524 ./SDK/rtos/FreeRTOS_S32K/Source/timers.o
 .debug_line    0x000061da      0x391 ./SDK/rtos/FreeRTOS_S32K/Source/portable/GCC/ARM_CM4F/port.o
 .debug_line    0x0000656b      0x317 ./SDK/rtos/FreeRTOS_S32K/Source/portable/MemMang/heap_2.o
 .debug_line    0x00006882      0x383 ./SDK/rtos/osif/osif_freertos.o
 .debug_line    0x00006c05      0x54b ./Sources/main.o

.debug_str      0x00000000     0x9992
 .debug_str     0x00000000     0x3117 ./Generated_Code/clockMan1.o
                               0x31c8 (size before relaxing)
 .debug_str     0x00003117       0x1c ./Generated_Code/lpuart1.o
                               0x2d2e (size before relaxing)
 .debug_str     0x00003133       0x1c ./Generated_Code/pin_mux.o
                                0x5de (size before relaxing)
 .debug_str     0x0000314f       0x3f ./Project_Settings/Startup_Code/startup_S32K144.o
                                 0x65 (size before relaxing)
 .debug_str     0x0000318e      0x1e2 ./SDK/platform/devices/S32K144/startup/system_S32K144.o
                                0x41f (size before relaxing)
 .debug_str     0x00003370      0x20c ./SDK/platform/devices/startup.o
                                0x40e (size before relaxing)
 .debug_str     0x0000357c     0x155d ./SDK/platform/drivers/src/clock/S32K1xx/clock_S32K1xx.o
                               0x391e (size before relaxing)
 .debug_str     0x00004ad9     0x1750 ./SDK/platform/drivers/src/edma/edma_driver.o
                               0x2a0c (size before relaxing)
 .debug_str     0x00006229       0x46 ./SDK/platform/drivers/src/edma/edma_hw_access.o
                                0x7d0 (size before relaxing)
 .debug_str     0x0000626f      0x162 ./SDK/platform/drivers/src/edma/edma_irq.o
                                0x4e5 (size before relaxing)
 .debug_str     0x000063d1      0x156 ./SDK/platform/drivers/src/interrupt/interrupt_manager.o
                                0xa65 (size before relaxing)
 .debug_str     0x00006527      0xaf0 ./SDK/platform/drivers/src/lpuart/lpuart_driver.o
                               0x24ff (size before relaxing)
 .debug_str     0x00007017       0xc4 ./SDK/platform/drivers/src/lpuart/lpuart_hw_access.o
                               0x1063 (size before relaxing)
 .debug_str     0x000070db       0x69 ./SDK/platform/drivers/src/lpuart/lpuart_irq.o
                                0x26d (size before relaxing)
 .debug_str     0x00007144      0x5e6 ./SDK/platform/drivers/src/pins/pins_driver.o
                               0x142a (size before relaxing)
 .debug_str     0x0000772a      0x19d ./SDK/platform/drivers/src/pins/pins_port_hw_access.o
                                0x912 (size before relaxing)
 .debug_str     0x000078c7      0x53a ./SDK/rtos/FreeRTOS_S32K/Source/list.o
                                0x778 (size before relaxing)
 .debug_str     0x00007e01      0x779 ./SDK/rtos/FreeRTOS_S32K/Source/queue.o
                                0xebd (size before relaxing)
 .debug_str     0x0000857a      0xab0 ./SDK/rtos/FreeRTOS_S32K/Source/tasks.o
                               0x14cc (size before relaxing)
 .debug_str     0x0000902a      0x4d7 ./SDK/rtos/FreeRTOS_S32K/Source/timers.o
                                0xda9 (size before relaxing)
 .debug_str     0x00009501      0x186 ./SDK/rtos/FreeRTOS_S32K/Source/portable/GCC/ARM_CM4F/port.o
                                0x4c8 (size before relaxing)
 .debug_str     0x00009687      0x14f ./SDK/rtos/FreeRTOS_S32K/Source/portable/MemMang/heap_2.o
                                0x7e2 (size before relaxing)
 .debug_str     0x000097d6      0x146 ./SDK/rtos/osif/osif_freertos.o
                                0xdd0 (size before relaxing)
 .debug_str     0x0000991c       0x76 ./Sources/main.o
                               0x32ac (size before relaxing)

.comment        0x00000000       0xa0
 .comment       0x00000000       0xa0 ./Generated_Code/clockMan1.o
                                 0xa1 (size before relaxing)
 .comment       0x000000a0       0xa1 ./Generated_Code/lpuart1.o
 .comment       0x000000a0       0xa1 ./Generated_Code/pin_mux.o
 .comment       0x000000a0       0xa1 ./SDK/platform/devices/S32K144/startup/system_S32K144.o
 .comment       0x000000a0       0xa1 ./SDK/platform/devices/startup.o
 .comment       0x000000a0       0xa1 ./SDK/platform/drivers/src/clock/S32K1xx/clock_S32K1xx.o
 .comment       0x000000a0       0xa1 ./SDK/platform/drivers/src/edma/edma_driver.o
 .comment       0x000000a0       0xa1 ./SDK/platform/drivers/src/edma/edma_hw_access.o
 .comment       0x000000a0       0xa1 ./SDK/platform/drivers/src/edma/edma_irq.o
 .comment       0x000000a0       0xa1 ./SDK/platform/drivers/src/interrupt/interrupt_manager.o
 .comment       0x000000a0       0xa1 ./SDK/platform/drivers/src/lpuart/lpuart_driver.o
 .comment       0x000000a0       0xa1 ./SDK/platform/drivers/src/lpuart/lpuart_hw_access.o
 .comment       0x000000a0       0xa1 ./SDK/platform/drivers/src/lpuart/lpuart_irq.o
 .comment       0x000000a0       0xa1 ./SDK/platform/drivers/src/pins/pins_driver.o
 .comment       0x000000a0       0xa1 ./SDK/platform/drivers/src/pins/pins_port_hw_access.o
 .comment       0x000000a0       0xa1 ./SDK/rtos/FreeRTOS_S32K/Source/list.o
 .comment       0x000000a0       0xa1 ./SDK/rtos/FreeRTOS_S32K/Source/queue.o
 .comment       0x000000a0       0xa1 ./SDK/rtos/FreeRTOS_S32K/Source/tasks.o
 .comment       0x000000a0       0xa1 ./SDK/rtos/FreeRTOS_S32K/Source/timers.o
 .comment       0x000000a0       0xa1 ./SDK/rtos/FreeRTOS_S32K/Source/portable/GCC/ARM_CM4F/port.o
 .comment       0x000000a0       0xa1 ./SDK/rtos/FreeRTOS_S32K/Source/portable/MemMang/heap_2.o
 .comment       0x000000a0       0xa1 ./SDK/rtos/osif/osif_freertos.o
 .comment       0x000000a0       0xa1 ./Sources/main.o

.debug_loc      0x00000000     0xfa58
 .debug_loc     0x00000000       0xeb ./SDK/platform/devices/S32K144/startup/system_S32K144.o
 .debug_loc     0x000000eb       0xec ./SDK/platform/devices/startup.o
 .debug_loc     0x000001d7     0x4da8 ./SDK/platform/drivers/src/clock/S32K1xx/clock_S32K1xx.o
 .debug_loc     0x00004f7f     0x28ae ./SDK/platform/drivers/src/edma/edma_driver.o
 .debug_loc     0x0000782d      0x6fa ./SDK/platform/drivers/src/edma/edma_hw_access.o
 .debug_loc     0x00007f27       0x50 ./SDK/platform/drivers/src/edma/edma_irq.o
 .debug_loc     0x00007f77      0x297 ./SDK/platform/drivers/src/interrupt/interrupt_manager.o
 .debug_loc     0x0000820e     0x2126 ./SDK/platform/drivers/src/lpuart/lpuart_driver.o
 .debug_loc     0x0000a334      0x712 ./SDK/platform/drivers/src/lpuart/lpuart_hw_access.o
 .debug_loc     0x0000aa46      0x77f ./SDK/platform/drivers/src/pins/pins_driver.o
 .debug_loc     0x0000b1c5      0x56a ./SDK/platform/drivers/src/pins/pins_port_hw_access.o
 .debug_loc     0x0000b72f       0x65 ./SDK/rtos/FreeRTOS_S32K/Source/list.o
 .debug_loc     0x0000b794     0x12e6 ./SDK/rtos/FreeRTOS_S32K/Source/queue.o
 .debug_loc     0x0000ca7a     0x1c19 ./SDK/rtos/FreeRTOS_S32K/Source/tasks.o
 .debug_loc     0x0000e693      0xa98 ./SDK/rtos/FreeRTOS_S32K/Source/timers.o
 .debug_loc     0x0000f12b       0xdc ./SDK/rtos/FreeRTOS_S32K/Source/portable/GCC/ARM_CM4F/port.o
 .debug_loc     0x0000f207      0x255 ./SDK/rtos/FreeRTOS_S32K/Source/portable/MemMang/heap_2.o
 .debug_loc     0x0000f45c      0x516 ./SDK/rtos/osif/osif_freertos.o
 .debug_loc     0x0000f972       0xe6 ./Sources/main.o

.debug_ranges   0x00000000     0x10a0
 .debug_ranges  0x00000000       0x20 ./SDK/platform/devices/S32K144/startup/system_S32K144.o
 .debug_ranges  0x00000020       0x10 ./SDK/platform/devices/startup.o
 .debug_ranges  0x00000030      0x388 ./SDK/platform/drivers/src/clock/S32K1xx/clock_S32K1xx.o
 .debug_ranges  0x000003b8      0x158 ./SDK/platform/drivers/src/edma/edma_driver.o
 .debug_ranges  0x00000510       0x90 ./SDK/platform/drivers/src/edma/edma_hw_access.o
 .debug_ranges  0x000005a0       0x90 ./SDK/platform/drivers/src/edma/edma_irq.o
 .debug_ranges  0x00000630       0x98 ./SDK/platform/drivers/src/interrupt/interrupt_manager.o
 .debug_ranges  0x000006c8      0x150 ./SDK/platform/drivers/src/lpuart/lpuart_driver.o
 .debug_ranges  0x00000818       0x68 ./SDK/platform/drivers/src/lpuart/lpuart_hw_access.o
 .debug_ranges  0x00000880       0x20 ./SDK/platform/drivers/src/lpuart/lpuart_irq.o
 .debug_ranges  0x000008a0       0xd0 ./SDK/platform/drivers/src/pins/pins_driver.o
 .debug_ranges  0x00000970       0x30 ./SDK/platform/drivers/src/pins/pins_port_hw_access.o
 .debug_ranges  0x000009a0       0x30 ./SDK/rtos/FreeRTOS_S32K/Source/list.o
 .debug_ranges  0x000009d0      0x248 ./SDK/rtos/FreeRTOS_S32K/Source/queue.o
 .debug_ranges  0x00000c18      0x260 ./SDK/rtos/FreeRTOS_S32K/Source/tasks.o
 .debug_ranges  0x00000e78       0xd8 ./SDK/rtos/FreeRTOS_S32K/Source/timers.o
 .debug_ranges  0x00000f50       0x70 ./SDK/rtos/FreeRTOS_S32K/Source/portable/GCC/ARM_CM4F/port.o
 .debug_ranges  0x00000fc0       0x28 ./SDK/rtos/FreeRTOS_S32K/Source/portable/MemMang/heap_2.o
 .debug_ranges  0x00000fe8       0x88 ./SDK/rtos/osif/osif_freertos.o
 .debug_ranges  0x00001070       0x30 ./Sources/main.o

.debug_frame    0x00000000     0x20d4
 .debug_frame   0x00000000       0x40 ./SDK/platform/devices/S32K144/startup/system_S32K144.o
 .debug_frame   0x00000040       0x2c ./SDK/platform/devices/startup.o
 .debug_frame   0x0000006c      0x37c ./SDK/platform/drivers/src/clock/S32K1xx/clock_S32K1xx.o
 .debug_frame   0x000003e8      0x388 ./SDK/platform/drivers/src/edma/edma_driver.o
 .debug_frame   0x00000770      0x144 ./SDK/platform/drivers/src/edma/edma_hw_access.o
 .debug_frame   0x000008b4      0x1ac ./SDK/platform/drivers/src/edma/edma_irq.o
 .debug_frame   0x00000a60       0xd8 ./SDK/platform/drivers/src/interrupt/interrupt_manager.o
 .debug_frame   0x00000b38      0x394 ./SDK/platform/drivers/src/lpuart/lpuart_driver.o
 .debug_frame   0x00000ecc       0xf4 ./SDK/platform/drivers/src/lpuart/lpuart_hw_access.o
 .debug_frame   0x00000fc0       0x58 ./SDK/platform/drivers/src/lpuart/lpuart_irq.o
 .debug_frame   0x00001018      0x1e4 ./SDK/platform/drivers/src/pins/pins_driver.o
 .debug_frame   0x000011fc       0x98 ./SDK/platform/drivers/src/pins/pins_port_hw_access.o
 .debug_frame   0x00001294       0x6c ./SDK/rtos/FreeRTOS_S32K/Source/list.o
 .debug_frame   0x00001300      0x338 ./SDK/rtos/FreeRTOS_S32K/Source/queue.o
 .debug_frame   0x00001638      0x550 ./SDK/rtos/FreeRTOS_S32K/Source/tasks.o
 .debug_frame   0x00001b88      0x1d0 ./SDK/rtos/FreeRTOS_S32K/Source/timers.o
 .debug_frame   0x00001d58      0x100 ./SDK/rtos/FreeRTOS_S32K/Source/portable/GCC/ARM_CM4F/port.o
 .debug_frame   0x00001e58       0x70 ./SDK/rtos/FreeRTOS_S32K/Source/portable/MemMang/heap_2.o
 .debug_frame   0x00001ec8      0x134 ./SDK/rtos/osif/osif_freertos.o
 .debug_frame   0x00001ffc       0x90 ./Sources/main.o
 .debug_frame   0x0000208c       0x28 C:/NXP/S32DS_ARM_v2.2/S32DS/build_tools/gcc_v6.3/gcc-6.3-arm32-eabi/arm-none-eabi/newlib/lib/thumb/v7e-m/fpv4-sp/hard\libc_nano.a(lib_a-memcpy-stub.o)
 .debug_frame   0x000020b4       0x20 C:/NXP/S32DS_ARM_v2.2/S32DS/build_tools/gcc_v6.3/gcc-6.3-arm32-eabi/arm-none-eabi/newlib/lib/thumb/v7e-m/fpv4-sp/hard\libc_nano.a(lib_a-memset.o)
