Archive member included to satisfy reference by file (symbol)

c:/nxp/s32ds_arm_v2.2/s32ds/build_tools/gcc_v6.3/gcc-6.3-arm32-eabi/bin/../lib/gcc/arm-none-eabi/6.3.1/thumb/v7e-m/fpv4-sp/hard\libgcc.a(_aeabi_uldivmod.o)
                              ./SDK/rtos/osif/osif_freertos.o (__aeabi_uldivmod)
c:/nxp/s32ds_arm_v2.2/s32ds/build_tools/gcc_v6.3/gcc-6.3-arm32-eabi/bin/../lib/gcc/arm-none-eabi/6.3.1/thumb/v7e-m/fpv4-sp/hard\libgcc.a(_udivmoddi4.o)
                              c:/nxp/s32ds_arm_v2.2/s32ds/build_tools/gcc_v6.3/gcc-6.3-arm32-eabi/bin/../lib/gcc/arm-none-eabi/6.3.1/thumb/v7e-m/fpv4-sp/hard\libgcc.a(_aeabi_uldivmod.o) (__udivmoddi4)
c:/nxp/s32ds_arm_v2.2/s32ds/build_tools/gcc_v6.3/gcc-6.3-arm32-eabi/bin/../lib/gcc/arm-none-eabi/6.3.1/thumb/v7e-m/fpv4-sp/hard\libgcc.a(_dvmd_tls.o)
                              c:/nxp/s32ds_arm_v2.2/s32ds/build_tools/gcc_v6.3/gcc-6.3-arm32-eabi/bin/../lib/gcc/arm-none-eabi/6.3.1/thumb/v7e-m/fpv4-sp/hard\libgcc.a(_aeabi_uldivmod.o) (__aeabi_ldiv0)
C:/NXP/S32DS_ARM_v2.2/S32DS/build_tools/gcc_v6.3/gcc-6.3-arm32-eabi/arm-none-eabi/newlib/lib/thumb/v7e-m/fpv4-sp/hard\libc_nano.a(lib_a-exit.o)
                              C:/NXP/S32DS_ARM_v2.2/S32DS/build_tools/gcc_v6.3/gcc-6.3-arm32-eabi/arm-none-eabi/newlib/lib/thumb/v7e-m/fpv4-sp/hard/crt0.o (exit)
C:/NXP/S32DS_ARM_v2.2/S32DS/build_tools/gcc_v6.3/gcc-6.3-arm32-eabi/arm-none-eabi/newlib/lib/thumb/v7e-m/fpv4-sp/hard\libc_nano.a(lib_a-impure.o)
                              C:/NXP/S32DS_ARM_v2.2/S32DS/build_tools/gcc_v6.3/gcc-6.3-arm32-eabi/arm-none-eabi/newlib/lib/thumb/v7e-m/fpv4-sp/hard\libc_nano.a(lib_a-exit.o) (_global_impure_ptr)
C:/NXP/S32DS_ARM_v2.2/S32DS/build_tools/gcc_v6.3/gcc-6.3-arm32-eabi/arm-none-eabi/newlib/lib/thumb/v7e-m/fpv4-sp/hard\libc_nano.a(lib_a-init.o)
                              C:/NXP/S32DS_ARM_v2.2/S32DS/build_tools/gcc_v6.3/gcc-6.3-arm32-eabi/arm-none-eabi/newlib/lib/thumb/v7e-m/fpv4-sp/hard/crt0.o (__libc_init_array)
C:/NXP/S32DS_ARM_v2.2/S32DS/build_tools/gcc_v6.3/gcc-6.3-arm32-eabi/arm-none-eabi/newlib/lib/thumb/v7e-m/fpv4-sp/hard\libc_nano.a(lib_a-memcpy-stub.o)
                              ./SDK/rtos/FreeRTOS_S32K/Source/queue.o (memcpy)
C:/NXP/S32DS_ARM_v2.2/S32DS/build_tools/gcc_v6.3/gcc-6.3-arm32-eabi/arm-none-eabi/newlib/lib/thumb/v7e-m/fpv4-sp/hard\libc_nano.a(lib_a-memset.o)
                              C:/NXP/S32DS_ARM_v2.2/S32DS/build_tools/gcc_v6.3/gcc-6.3-arm32-eabi/arm-none-eabi/newlib/lib/thumb/v7e-m/fpv4-sp/hard/crt0.o (memset)
C:/NXP/S32DS_ARM_v2.2/S32DS/build_tools/gcc_v6.3/gcc-6.3-arm32-eabi/arm-none-eabi/newlib/lib/thumb/v7e-m/fpv4-sp/hard\libc_nano.a(lib_a-strlen.o)
                              ./SDK/rtos/FreeRTOS_S32K/Source/tasks.o (strlen)
C:/NXP/S32DS_ARM_v2.2/S32DS/build_tools/gcc_v6.3/gcc-6.3-arm32-eabi/arm-none-eabi/newlib/lib/thumb/v7e-m/fpv4-sp/hard\libnosys.a(_exit.o)
                              C:/NXP/S32DS_ARM_v2.2/S32DS/build_tools/gcc_v6.3/gcc-6.3-arm32-eabi/arm-none-eabi/newlib/lib/thumb/v7e-m/fpv4-sp/hard\libc_nano.a(lib_a-exit.o) (_exit)

Discarded input sections

 .text          0x00000000        0x0 c:/nxp/s32ds_arm_v2.2/s32ds/build_tools/gcc_v6.3/gcc-6.3-arm32-eabi/bin/../lib/gcc/arm-none-eabi/6.3.1/thumb/v7e-m/fpv4-sp/hard/crti.o
 .data          0x00000000        0x0 c:/nxp/s32ds_arm_v2.2/s32ds/build_tools/gcc_v6.3/gcc-6.3-arm32-eabi/bin/../lib/gcc/arm-none-eabi/6.3.1/thumb/v7e-m/fpv4-sp/hard/crti.o
 .bss           0x00000000        0x0 c:/nxp/s32ds_arm_v2.2/s32ds/build_tools/gcc_v6.3/gcc-6.3-arm32-eabi/bin/../lib/gcc/arm-none-eabi/6.3.1/thumb/v7e-m/fpv4-sp/hard/crti.o
 .text          0x00000000       0xa4 c:/nxp/s32ds_arm_v2.2/s32ds/build_tools/gcc_v6.3/gcc-6.3-arm32-eabi/bin/../lib/gcc/arm-none-eabi/6.3.1/thumb/v7e-m/fpv4-sp/hard/crtbegin.o
 .data          0x00000000        0x4 c:/nxp/s32ds_arm_v2.2/s32ds/build_tools/gcc_v6.3/gcc-6.3-arm32-eabi/bin/../lib/gcc/arm-none-eabi/6.3.1/thumb/v7e-m/fpv4-sp/hard/crtbegin.o
 .bss           0x00000000       0x1c c:/nxp/s32ds_arm_v2.2/s32ds/build_tools/gcc_v6.3/gcc-6.3-arm32-eabi/bin/../lib/gcc/arm-none-eabi/6.3.1/thumb/v7e-m/fpv4-sp/hard/crtbegin.o
 .init_array    0x00000000        0x4 c:/nxp/s32ds_arm_v2.2/s32ds/build_tools/gcc_v6.3/gcc-6.3-arm32-eabi/bin/../lib/gcc/arm-none-eabi/6.3.1/thumb/v7e-m/fpv4-sp/hard/crtbegin.o
 .fini_array    0x00000000        0x4 c:/nxp/s32ds_arm_v2.2/s32ds/build_tools/gcc_v6.3/gcc-6.3-arm32-eabi/bin/../lib/gcc/arm-none-eabi/6.3.1/thumb/v7e-m/fpv4-sp/hard/crtbegin.o
 .eh_frame      0x00000000        0x0 c:/nxp/s32ds_arm_v2.2/s32ds/build_tools/gcc_v6.3/gcc-6.3-arm32-eabi/bin/../lib/gcc/arm-none-eabi/6.3.1/thumb/v7e-m/fpv4-sp/hard/crtbegin.o
 .jcr           0x00000000        0x0 c:/nxp/s32ds_arm_v2.2/s32ds/build_tools/gcc_v6.3/gcc-6.3-arm32-eabi/bin/../lib/gcc/arm-none-eabi/6.3.1/thumb/v7e-m/fpv4-sp/hard/crtbegin.o
 .tm_clone_table
[...]
Memory Configuration

Name             Origin             Length             Attributes
m_interrupts     0x00000000         0x00000400         xr
m_flash_config   0x00000400         0x00000010         xr
m_text           0x00000410         0x0007fbf0         xr
m_data           0x1fff8000         0x00008000         rw
m_data_2         0x20000000         0x00007000         rw
*default*        0x00000000         0xffffffff

Linker script and memory map

LOAD c:/nxp/s32ds_arm_v2.2/s32ds/build_tools/gcc_v6.3/gcc-6.3-arm32-eabi/bin/../lib/gcc/arm-none-eabi/6.3.1/thumb/v7e-m/fpv4-sp/hard/crti.o
LOAD c:/nxp/s32ds_arm_v2.2/s32ds/build_tools/gcc_v6.3/gcc-6.3-arm32-eabi/bin/../lib/gcc/arm-none-eabi/6.3.1/thumb/v7e-m/fpv4-sp/hard/crtbegin.o
LOAD C:/NXP/S32DS_ARM_v2.2/S32DS/build_tools/gcc_v6.3/gcc-6.3-arm32-eabi/arm-none-eabi/newlib/lib/thumb/v7e-m/fpv4-sp/hard/crt0.o
LOAD ./Generated_Code/Cpu.o
LOAD ./Generated_Code/clockMan1.o
LOAD ./Generated_Code/dmaController1.o
LOAD ./Generated_Code/lpuart1.o
LOAD ./Generated_Code/pin_mux.o
LOAD ./Project_Settings/Startup_Code/startup_S32K144.o
LOAD ./SDK/platform/devices/S32K144/startup/system_S32K144.o
LOAD ./SDK/platform/devices/startup.o
LOAD ./SDK/platform/drivers/src/clock/S32K1xx/clock_S32K1xx.o
LOAD ./SDK/platform/drivers/src/edma/edma_driver.o
LOAD ./SDK/platform/drivers/src/edma/edma_hw_access.o
LOAD ./SDK/platform/drivers/src/edma/edma_irq.o
LOAD ./SDK/platform/drivers/src/interrupt/interrupt_manager.o
LOAD ./SDK/platform/drivers/src/lpuart/lpuart_driver.o
LOAD ./SDK/platform/drivers/src/lpuart/lpuart_hw_access.o
LOAD ./SDK/platform/drivers/src/lpuart/lpuart_irq.o
LOAD ./SDK/platform/drivers/src/pins/pins_driver.o
LOAD ./SDK/platform/drivers/src/pins/pins_port_hw_access.o
LOAD ./SDK/rtos/FreeRTOS_S32K/Source/croutine.o
LOAD ./SDK/rtos/FreeRTOS_S32K/Source/event_groups.o
LOAD ./SDK/rtos/FreeRTOS_S32K/Source/list.o
LOAD ./SDK/rtos/FreeRTOS_S32K/Source/queue.o
LOAD ./SDK/rtos/FreeRTOS_S32K/Source/stream_buffer.o
LOAD ./SDK/rtos/FreeRTOS_S32K/Source/tasks.o
LOAD ./SDK/rtos/FreeRTOS_S32K/Source/timers.o
LOAD ./SDK/rtos/FreeRTOS_S32K/Source/portable/GCC/ARM_CM4F/port.o
LOAD ./SDK/rtos/FreeRTOS_S32K/Source/portable/MemMang/heap_2.o
LOAD ./SDK/rtos/osif/osif_freertos.o
LOAD ./Sources/main.o
START GROUP
LOAD c:/nxp/s32ds_arm_v2.2/s32ds/build_tools/gcc_v6.3/gcc-6.3-arm32-eabi/bin/../lib/gcc/arm-none-eabi/6.3.1/thumb/v7e-m/fpv4-sp/hard\libgcc.a
LOAD C:/NXP/S32DS_ARM_v2.2/S32DS/build_tools/gcc_v6.3/gcc-6.3-arm32-eabi/arm-none-eabi/newlib/lib/thumb/v7e-m/fpv4-sp/hard\libc_nano.a
END GROUP
START GROUP
LOAD c:/nxp/s32ds_arm_v2.2/s32ds/build_tools/gcc_v6.3/gcc-6.3-arm32-eabi/bin/../lib/gcc/arm-none-eabi/6.3.1/thumb/v7e-m/fpv4-sp/hard\libgcc.a
LOAD C:/NXP/S32DS_ARM_v2.2/S32DS/build_tools/gcc_v6.3/gcc-6.3-arm32-eabi/arm-none-eabi/newlib/lib/thumb/v7e-m/fpv4-sp/hard\libc_nano.a
LOAD C:/NXP/S32DS_ARM_v2.2/S32DS/build_tools/gcc_v6.3/gcc-6.3-arm32-eabi/arm-none-eabi/newlib/lib/thumb/v7e-m/fpv4-sp/hard\libnosys.a
END GROUP
START GROUP
LOAD c:/nxp/s32ds_arm_v2.2/s32ds/build_tools/gcc_v6.3/gcc-6.3-arm32-eabi/bin/../lib/gcc/arm-none-eabi/6.3.1/thumb/v7e-m/fpv4-sp/hard\libgcc.a
LOAD C:/NXP/S32DS_ARM_v2.2/S32DS/build_tools/gcc_v6.3/gcc-6.3-arm32-eabi/arm-none-eabi/newlib/lib/thumb/v7e-m/fpv4-sp/hard\libc_nano.a
LOAD C:/NXP/S32DS_ARM_v2.2/S32DS/build_tools/gcc_v6.3/gcc-6.3-arm32-eabi/arm-none-eabi/newlib/lib/thumb/v7e-m/fpv4-sp/hard\libnosys.a
END GROUP
LOAD c:/nxp/s32ds_arm_v2.2/s32ds/build_tools/gcc_v6.3/gcc-6.3-arm32-eabi/bin/../lib/gcc/arm-none-eabi/6.3.1/thumb/v7e-m/fpv4-sp/hard/crtend.o
LOAD c:/nxp/s32ds_arm_v2.2/s32ds/build_tools/gcc_v6.3/gcc-6.3-arm32-eabi/bin/../lib/gcc/arm-none-eabi/6.3.1/thumb/v7e-m/fpv4-sp/hard/crtn.o
                0x00000400                HEAP_SIZE = DEFINED (__heap_size__)?__heap_size__:0x400
                0x00000400                STACK_SIZE = DEFINED (__stack_size__)?__stack_size__:0x400
                0x00000400                M_VECTOR_RAM_SIZE = DEFINED (__flash_vector_table__)?0x0:0x400

.interrupts     0x00000000      0x400
                0x00000000                __VECTOR_TABLE = .
                0x00000000                __interrupts_start__ = .
                0x00000000                . = ALIGN (0x4)
 *(.isr_vector)
 .isr_vector    0x00000000      0x400 ./Project_Settings/Startup_Code/startup_S32K144.o
                0x00000000                __isr_vector
                0x00000400                __interrupts_end__ = .
                0x00000400                . = ALIGN (0x4)

.flash_config   0x00000400       0x10
                0x00000400                . = ALIGN (0x4)
 *(.FlashConfig)
 .FlashConfig   0x00000400       0x10 ./Project_Settings/Startup_Code/startup_S32K144.o
                0x00000410                . = ALIGN (0x4)

.text           0x00000410     0x4388
                0x00000410                . = ALIGN (0x4)
 *(.text)
 .text          0x00000410       0x4c ./Project_Settings/Startup_Code/startup_S32K144.o
                0x00000410                Reset_Handler
                0x00000458                DebugMon_Handler
                0x00000458                Reserved88_IRQHandler
                0x00000458                CAN0_ORed_IRQHandler
                0x00000458                HardFault_Handler
                0x00000458                Reserved86_IRQHandler
                0x00000458                Reserved103_IRQHandler
                0x00000458                FTM2_Ovf_Reload_IRQHandler
                0x00000458                Reserved50_IRQHandler
                0x00000458                FTFC_Fault_IRQHandler
                0x00000458                FTM0_Ch6_Ch7_IRQHandler
                0x00000458                Reserved114_IRQHandler
                0x00000458                NMI_Handler
                0x00000458                Reserved89_IRQHandler
                0x00000458                ERM_double_fault_IRQHandler
                0x00000458                Reserved59_IRQHandler
                0x00000458                LPIT0_Ch0_IRQHandler
                0x00000458                Reserved99_IRQHandler
                0x00000458                FTM3_Ch6_Ch7_IRQHandler
                0x00000458                CAN2_ORed_0_15_MB_IRQHandler
                0x00000458                LPIT0_Ch3_IRQHandler
                0x00000458                Reserved92_IRQHandler
                0x00000458                FTM0_Ch4_Ch5_IRQHandler
                0x00000458                CAN1_Error_IRQHandler
                0x00000458                FTM3_Ch0_Ch1_IRQHandler
                0x00000458                SWI_IRQHandler
                0x00000458                ADC0_IRQHandler
                0x00000458                FTM2_Ch4_Ch5_IRQHandler
                0x00000458                UsageFault_Handler
                0x00000458                FTM0_Ovf_Reload_IRQHandler
                0x00000458                DefaultISR
                0x00000458                Reserved58_IRQHandler
                0x00000458                CAN1_ORed_0_15_MB_IRQHandler
                0x00000458                FTM1_Ch2_Ch3_IRQHandler
                0x00000458                Reserved82_IRQHandler
                0x00000458                CAN0_ORed_16_31_MB_IRQHandler
                0x00000458                LPI2C0_Slave_IRQHandler
                0x00000458                Reserved71_IRQHandler
                0x00000458                PORTD_IRQHandler
                0x00000458                Reserved69_IRQHandler
                0x00000458                PORTB_IRQHandler
                0x00000458                Reserved70_IRQHandler
                0x00000458                ADC1_IRQHandler
                0x00000458                FTM2_Ch2_Ch3_IRQHandler
                0x00000458                Reserved53_IRQHandler
                0x00000458                RTC_IRQHandler
                0x00000458                PDB0_IRQHandler
                0x00000458                Reserved54_IRQHandler
                0x00000458                FTM2_Ch6_Ch7_IRQHandler
                0x00000458                FTM3_Ch2_Ch3_IRQHandler
                0x00000458                FTM2_Ch0_Ch1_IRQHandler
                0x00000458                LPSPI1_IRQHandler
                0x00000458                LPUART1_RxTx_IRQHandler
                0x00000458                RTC_Seconds_IRQHandler
                0x00000458                CAN2_ORed_IRQHandler
                0x00000458                Reserved72_IRQHandler
                0x00000458                Reserved110_IRQHandler
                0x00000458                Reserved107_IRQHandler
                0x00000458                Read_Collision_IRQHandler
                0x00000458                CAN2_Error_IRQHandler
                0x00000458                FTFC_IRQHandler
                0x00000458                FTM1_Ch6_Ch7_IRQHandler
                0x00000458                Reserved105_IRQHandler
                0x00000458                LPIT0_Ch1_IRQHandler
                0x00000458                FTM1_Ch4_Ch5_IRQHandler
                0x00000458                FTM3_Ovf_Reload_IRQHandler
                0x00000458                LPUART2_RxTx_IRQHandler
                0x00000458                LPSPI0_IRQHandler
                0x00000458                WDOG_EWM_IRQHandler
                0x00000458                MemManage_Handler
                0x00000458                Reserved90_IRQHandler
                0x00000458                Reserved83_IRQHandler
                0x00000458                FTM0_Fault_IRQHandler
                0x00000458                Reserved48_IRQHandler
                0x00000458                ERM_single_fault_IRQHandler
                0x00000458                FTM2_Fault_IRQHandler
                0x00000458                FTM0_Ch2_Ch3_IRQHandler
                0x00000458                FTM0_Ch0_Ch1_IRQHandler
                0x00000458                FTM3_Fault_IRQHandler
                0x00000458                RCM_IRQHandler
                0x00000458                Reserved100_IRQHandler
                0x00000458                Reserved91_IRQHandler
                0x00000458                CAN1_ORed_IRQHandler
                0x00000458                SCG_IRQHandler
                0x00000458                PDB1_IRQHandler
                0x00000458                Reserved81_IRQHandler
                0x00000458                Reserved46_IRQHandler
                0x00000458                Reserved45_IRQHandler
                0x00000458                CAN0_Error_IRQHandler
                0x00000458                Reserved112_IRQHandler
                0x00000458                LPI2C0_Master_IRQHandler
                0x00000458                FTM1_Fault_IRQHandler
                0x00000458                Reserved106_IRQHandler
                0x00000458                LVD_LVW_IRQHandler
                0x00000458                LPIT0_Ch2_IRQHandler
                0x00000458                PORTA_IRQHandler
                0x00000458                MCM_IRQHandler
                0x00000458                LPSPI2_IRQHandler
                0x00000458                FTM3_Ch4_Ch5_IRQHandler
                0x00000458                CAN0_ORed_0_15_MB_IRQHandler
                0x00000458                PORTE_IRQHandler
                0x00000458                LPUART0_RxTx_IRQHandler
                0x00000458                LPTMR0_IRQHandler
                0x00000458                BusFault_Handler
                0x00000458                Reserved87_IRQHandler
                0x00000458                FTM1_Ovf_Reload_IRQHandler
                0x00000458                Reserved93_IRQHandler
                0x00000458                CAN0_Wake_Up_IRQHandler
                0x00000458                CMP0_IRQHandler
                0x00000458                Reserved52_IRQHandler
                0x00000458                PORTC_IRQHandler
                0x00000458                FTM1_Ch0_Ch1_IRQHandler
                0x00000458                FLEXIO_IRQHandler
                0x00000458                Reserved113_IRQHandler
 *(.text*)
 .text.SystemInit
                0x0000045c       0x3c ./SDK/platform/devices/S32K144/startup/system_S32K144.o
                0x0000045c                SystemInit
 .text.init_data_bss
                0x00000498       0xd8 ./SDK/platform/devices/startup.o
                0x00000498                init_data_bss
 .text.CLOCK_SYS_GetCurrentRunMode
                0x00000570       0x24 ./SDK/platform/drivers/src/clock/S32K1xx/clock_S32K1xx.o
 .text.CLOCK_SYS_GetSysOscFreq
                0x00000594       0x1c ./SDK/platform/drivers/src/clock/S32K1xx/clock_S32K1xx.o
 .text.CLOCK_SYS_ConfigureSOSC
                0x000005b0      0x12c ./SDK/platform/drivers/src/clock/S32K1xx/clock_S32K1xx.o
 .text.CLOCK_SYS_GetSircFreq
                0x000006dc       0x2c ./SDK/platform/drivers/src/clock/S32K1xx/clock_S32K1xx.o
 .text.CLOCK_SYS_ConfigureSIRC
                0x00000708       0xc4 ./SDK/platform/drivers/src/clock/S32K1xx/clock_S32K1xx.o
 .text.CLOCK_SYS_GetFircFreq
                0x000007cc       0x20 ./SDK/platform/drivers/src/clock/S32K1xx/clock_S32K1xx.o
 .text.CLOCK_SYS_ConfigureFIRC
                0x000007ec       0xb4 ./SDK/platform/drivers/src/clock/S32K1xx/clock_S32K1xx.o
 .text.CLOCK_SYS_GetSysPllFreq
                0x000008a0       0x44 ./SDK/platform/drivers/src/clock/S32K1xx/clock_S32K1xx.o
 .text.CLOCK_SYS_ConfigureSPLL
                0x000008e4      0x104 ./SDK/platform/drivers/src/clock/S32K1xx/clock_S32K1xx.o
 .text.CLOCK_SYS_SetSystemClockConfig
                0x000009e8      0x1e4 ./SDK/platform/drivers/src/clock/S32K1xx/clock_S32K1xx.o
 .text.CLOCK_SYS_TransitionSystemClock
                0x00000bcc       0x3c ./SDK/platform/drivers/src/clock/S32K1xx/clock_S32K1xx.o
 .text.CLOCK_SYS_GetSystemClockFreq
                0x00000c08       0x78 ./SDK/platform/drivers/src/clock/S32K1xx/clock_S32K1xx.o
 .text.CLOCK_SYS_GetScgClkOutFreq
                0x00000c80       0x44 ./SDK/platform/drivers/src/clock/S32K1xx/clock_S32K1xx.o
 .text.CLOCK_SYS_GetSysAsyncFreq
                0x00000cc4       0xd4 ./SDK/platform/drivers/src/clock/S32K1xx/clock_S32K1xx.o
 .text.CLOCK_SYS_GetSimRtcClkFreq
                0x00000d98       0x50 ./SDK/platform/drivers/src/clock/S32K1xx/clock_S32K1xx.o
 .text.CLOCK_SYS_GetPeripheralClock
                0x00000de8       0x78 ./SDK/platform/drivers/src/clock/S32K1xx/clock_S32K1xx.o
 .text.CLOCK_SYS_GetLpoFreq
                0x00000e60       0x44 ./SDK/platform/drivers/src/clock/S32K1xx/clock_S32K1xx.o
 .text.CLOCK_SYS_GetSimClkOutFreq
                0x00000ea4       0x98 ./SDK/platform/drivers/src/clock/S32K1xx/clock_S32K1xx.o
 .text.CLOCK_DRV_Init
                0x00000f3c      0x598 ./SDK/platform/drivers/src/clock/S32K1xx/clock_S32K1xx.o
                0x00000f3c                CLOCK_DRV_Init
 .text.CLOCK_DRV_GetFreq
                0x000014d4      0x3a0 ./SDK/platform/drivers/src/clock/S32K1xx/clock_S32K1xx.o
                0x000014d4                CLOCK_DRV_GetFreq
 .text.CLOCK_SYS_Init
                0x00001874       0x1c ./SDK/platform/drivers/src/clock/S32K1xx/clock_S32K1xx.o
                0x00001874                CLOCK_SYS_Init
 .text.CLOCK_SYS_UpdateConfiguration
                0x00001890       0xe8 ./SDK/platform/drivers/src/clock/S32K1xx/clock_S32K1xx.o
                0x00001890                CLOCK_SYS_UpdateConfiguration
 .text.CLOCK_SYS_GetFreq
                0x00001978        0x8 ./SDK/platform/drivers/src/clock/S32K1xx/clock_S32K1xx.o
                0x00001978                CLOCK_SYS_GetFreq
 .text.EDMA_DRV_InstallCallback
                0x00001980       0x20 ./SDK/platform/drivers/src/edma/edma_driver.o
                0x00001980                EDMA_DRV_InstallCallback
 .text.EDMA_DRV_IRQHandler
                0x000019a0       0x2c ./SDK/platform/drivers/src/edma/edma_driver.o
                0x000019a0                EDMA_DRV_IRQHandler
 .text.EDMA_DRV_ErrorIRQHandler
                0x000019cc       0x3c ./SDK/platform/drivers/src/edma/edma_driver.o
                0x000019cc                EDMA_DRV_ErrorIRQHandler
 .text.EDMA_DRV_ConfigSingleBlockTransfer
                0x00001a08      0x148 ./SDK/platform/drivers/src/edma/edma_driver.o
                0x00001a08                EDMA_DRV_ConfigSingleBlockTransfer
 .text.EDMA_DRV_ConfigMultiBlockTransfer
                0x00001b50       0x64 ./SDK/platform/drivers/src/edma/edma_driver.o
                0x00001b50                EDMA_DRV_ConfigMultiBlockTransfer
 .text.EDMA_DRV_StartChannel
                0x00001bb4       0x18 ./SDK/platform/drivers/src/edma/edma_driver.o
                0x00001bb4                EDMA_DRV_StartChannel
 .text.EDMA_DRV_StopChannel
                0x00001bcc       0x18 ./SDK/platform/drivers/src/edma/edma_driver.o
                0x00001bcc                EDMA_DRV_StopChannel
 .text.EDMA_DRV_SetDestAddr
                0x00001be4       0x16 ./SDK/platform/drivers/src/edma/edma_driver.o
                0x00001be4                EDMA_DRV_SetDestAddr
 *fill*         0x00001bfa        0x2 
 .text.EDMA_DRV_SetMajorLoopIterationCount
                0x00001bfc       0x14 ./SDK/platform/drivers/src/edma/edma_driver.o
                0x00001bfc                EDMA_DRV_SetMajorLoopIterationCount
 .text.EDMA_DRV_GetDmaRegBaseAddr
                0x00001c10        0x8 ./SDK/platform/drivers/src/edma/edma_driver.o
                0x00001c10                EDMA_DRV_GetDmaRegBaseAddr
 .text.EDMA_SetDmaRequestCmd
                0x00001c18        0xa ./SDK/platform/drivers/src/edma/edma_hw_access.o
                0x00001c18                EDMA_SetDmaRequestCmd
 .text.EDMA_TCDClearReg
                0x00001c22       0x4a ./SDK/platform/drivers/src/edma/edma_hw_access.o
                0x00001c22                EDMA_TCDClearReg
 .text.EDMA_TCDSetAttribute
                0x00001c6c       0x30 ./SDK/platform/drivers/src/edma/edma_hw_access.o
                0x00001c6c                EDMA_TCDSetAttribute
 .text.EDMA_TCDSetNbytes
                0x00001c9c       0x5c ./SDK/platform/drivers/src/edma/edma_hw_access.o
                0x00001c9c                EDMA_TCDSetNbytes
 .text.EDMA_TCDSetMajorCount
                0x00001cf8       0x5e ./SDK/platform/drivers/src/edma/edma_hw_access.o
                0x00001cf8                EDMA_TCDSetMajorCount
 .text.DMA0_IRQHandler
                0x00001d56        0xa ./SDK/platform/drivers/src/edma/edma_irq.o
                0x00001d56                DMA0_IRQHandler
 .text.DMA1_IRQHandler
                0x00001d60        0xa ./SDK/platform/drivers/src/edma/edma_irq.o
                0x00001d60                DMA1_IRQHandler
 .text.DMA2_IRQHandler
                0x00001d6a        0xa ./SDK/platform/drivers/src/edma/edma_irq.o
                0x00001d6a                DMA2_IRQHandler
 .text.DMA3_IRQHandler
                0x00001d74        0xa ./SDK/platform/drivers/src/edma/edma_irq.o
                0x00001d74                DMA3_IRQHandler
 .text.DMA4_IRQHandler
                0x00001d7e        0xa ./SDK/platform/drivers/src/edma/edma_irq.o
                0x00001d7e                DMA4_IRQHandler
 .text.DMA5_IRQHandler
                0x00001d88        0xa ./SDK/platform/drivers/src/edma/edma_irq.o
                0x00001d88                DMA5_IRQHandler
 .text.DMA6_IRQHandler
                0x00001d92        0xa ./SDK/platform/drivers/src/edma/edma_irq.o
                0x00001d92                DMA6_IRQHandler
 .text.DMA7_IRQHandler
                0x00001d9c        0xa ./SDK/platform/drivers/src/edma/edma_irq.o
                0x00001d9c                DMA7_IRQHandler
 .text.DMA8_IRQHandler
                0x00001da6        0xa ./SDK/platform/drivers/src/edma/edma_irq.o
                0x00001da6                DMA8_IRQHandler
 .text.DMA9_IRQHandler
                0x00001db0        0xa ./SDK/platform/drivers/src/edma/edma_irq.o
                0x00001db0                DMA9_IRQHandler
 .text.DMA10_IRQHandler
                0x00001dba        0xa ./SDK/platform/drivers/src/edma/edma_irq.o
                0x00001dba                DMA10_IRQHandler
 .text.DMA11_IRQHandler
                0x00001dc4        0xa ./SDK/platform/drivers/src/edma/edma_irq.o
                0x00001dc4                DMA11_IRQHandler
 .text.DMA12_IRQHandler
                0x00001dce        0xa ./SDK/platform/drivers/src/edma/edma_irq.o
                0x00001dce                DMA12_IRQHandler
 .text.DMA13_IRQHandler
                0x00001dd8        0xa ./SDK/platform/drivers/src/edma/edma_irq.o
                0x00001dd8                DMA13_IRQHandler
 .text.DMA14_IRQHandler
                0x00001de2        0xa ./SDK/platform/drivers/src/edma/edma_irq.o
                0x00001de2                DMA14_IRQHandler
 .text.DMA15_IRQHandler
                0x00001dec        0xa ./SDK/platform/drivers/src/edma/edma_irq.o
                0x00001dec                DMA15_IRQHandler
 .text.DMA_Error_IRQHandler
                0x00001df6       0x28 ./SDK/platform/drivers/src/edma/edma_irq.o
                0x00001df6                DMA_Error_IRQHandler
 *fill*         0x00001e1e        0x2 
 .text.INT_SYS_InstallHandler
                0x00001e20       0x30 ./SDK/platform/drivers/src/interrupt/interrupt_manager.o
                0x00001e20                INT_SYS_InstallHandler
 .text.INT_SYS_EnableIRQ
                0x00001e50       0x18 ./SDK/platform/drivers/src/interrupt/interrupt_manager.o
                0x00001e50                INT_SYS_EnableIRQ
 .text.INT_SYS_EnableIRQGlobal
                0x00001e68       0x1c ./SDK/platform/drivers/src/interrupt/interrupt_manager.o
                0x00001e68                INT_SYS_EnableIRQGlobal
 .text.INT_SYS_DisableIRQGlobal
                0x00001e84       0x10 ./SDK/platform/drivers/src/interrupt/interrupt_manager.o
                0x00001e84                INT_SYS_DisableIRQGlobal
 .text.LPUART_DRV_CompleteSendDataUsingInt
                0x00001e94       0x64 ./SDK/platform/drivers/src/lpuart/lpuart_driver.o
 .text.LPUART_DRV_StopTxDma
                0x00001ef8       0x64 ./SDK/platform/drivers/src/lpuart/lpuart_driver.o
 .text.LPUART_DRV_PutData
                0x00001f5c       0x44 ./SDK/platform/drivers/src/lpuart/lpuart_driver.o
 .text.LPUART_DRV_StartReceiveDataUsingInt
                0x00001fa0       0x54 ./SDK/platform/drivers/src/lpuart/lpuart_driver.o
 .text.LPUART_DRV_StartReceiveDataUsingDma
                0x00001ff4       0x9c ./SDK/platform/drivers/src/lpuart/lpuart_driver.o
 .text.LPUART_DRV_CompleteReceiveDataUsingInt
                0x00002090       0x64 ./SDK/platform/drivers/src/lpuart/lpuart_driver.o
 .text.LPUART_DRV_StopRxDma
                0x000020f4       0x64 ./SDK/platform/drivers/src/lpuart/lpuart_driver.o
 .text.LPUART_DRV_RxDmaCallback
                0x00002158       0xa4 ./SDK/platform/drivers/src/lpuart/lpuart_driver.o
 .text.LPUART_DRV_GetData
                0x000021fc       0x5c ./SDK/platform/drivers/src/lpuart/lpuart_driver.o
 .text.LPUART_DRV_InstallRxCallback
                0x00002258       0x14 ./SDK/platform/drivers/src/lpuart/lpuart_driver.o
                0x00002258                LPUART_DRV_InstallRxCallback
 .text.LPUART_DRV_ReceiveData
                0x0000226c       0x24 ./SDK/platform/drivers/src/lpuart/lpuart_driver.o
                0x0000226c                LPUART_DRV_ReceiveData
 .text.LPUART_DRV_SetBaudRate
                0x00002290       0xd4 ./SDK/platform/drivers/src/lpuart/lpuart_driver.o
                0x00002290                LPUART_DRV_SetBaudRate
 .text.LPUART_DRV_Init
                0x00002364       0xe0 ./SDK/platform/drivers/src/lpuart/lpuart_driver.o
                0x00002364                LPUART_DRV_Init
 .text.LPUART_DRV_SetRxBuffer
                0x00002444       0x14 ./SDK/platform/drivers/src/lpuart/lpuart_driver.o
                0x00002444                LPUART_DRV_SetRxBuffer
 .text.LPUART_DRV_IRQHandler
                0x00002458      0x2a8 ./SDK/platform/drivers/src/lpuart/lpuart_driver.o
                0x00002458                LPUART_DRV_IRQHandler
 .text.LPUART_Init
                0x00002700       0x24 ./SDK/platform/drivers/src/lpuart/lpuart_hw_access.o
                0x00002700                LPUART_Init
 .text.LPUART_SetBitCountPerChar
                0x00002724       0x30 ./SDK/platform/drivers/src/lpuart/lpuart_hw_access.o
                0x00002724                LPUART_SetBitCountPerChar
 .text.LPUART_SetParityMode
                0x00002754       0x1e ./SDK/platform/drivers/src/lpuart/lpuart_hw_access.o
                0x00002754                LPUART_SetParityMode
 .text.LPUART_Putchar9
                0x00002772       0x16 ./SDK/platform/drivers/src/lpuart/lpuart_hw_access.o
                0x00002772                LPUART_Putchar9
 .text.LPUART_Putchar10
                0x00002788       0x22 ./SDK/platform/drivers/src/lpuart/lpuart_hw_access.o
                0x00002788                LPUART_Putchar10
 .text.LPUART_Getchar9
                0x000027aa       0x12 ./SDK/platform/drivers/src/lpuart/lpuart_hw_access.o
                0x000027aa                LPUART_Getchar9
 .text.LPUART_Getchar10
                0x000027bc       0x1e ./SDK/platform/drivers/src/lpuart/lpuart_hw_access.o
                0x000027bc                LPUART_Getchar10
 .text.LPUART_SetIntMode
                0x000027da       0x70 ./SDK/platform/drivers/src/lpuart/lpuart_hw_access.o
                0x000027da                LPUART_SetIntMode
 .text.LPUART_GetIntMode
                0x0000284a       0x4a ./SDK/platform/drivers/src/lpuart/lpuart_hw_access.o
                0x0000284a                LPUART_GetIntMode
 .text.LPUART_GetStatusFlag
                0x00002894       0x48 ./SDK/platform/drivers/src/lpuart/lpuart_hw_access.o
                0x00002894                LPUART_GetStatusFlag
 .text.LPUART_SetErrorInterrupts
                0x000028dc       0x40 ./SDK/platform/drivers/src/lpuart/lpuart_hw_access.o
                0x000028dc                LPUART_SetErrorInterrupts
 .text.LPUART0_IrqHandler
                0x0000291c        0xa ./SDK/platform/drivers/src/lpuart/lpuart_irq.o
                0x0000291c                LPUART0_IrqHandler
 .text.LPUART1_IrqHandler
                0x00002926        0xa ./SDK/platform/drivers/src/lpuart/lpuart_irq.o
                0x00002926                LPUART1_IrqHandler
 .text.LPUART2_IrqHandler
                0x00002930        0xa ./SDK/platform/drivers/src/lpuart/lpuart_irq.o
                0x00002930                LPUART2_IrqHandler
 .text.PINS_DRV_Init
                0x0000293a       0x20 ./SDK/platform/drivers/src/pins/pins_driver.o
                0x0000293a                PINS_DRV_Init
 .text.PINS_DRV_SetPins
                0x0000295a        0x4 ./SDK/platform/drivers/src/pins/pins_driver.o
                0x0000295a                PINS_DRV_SetPins
 *fill*         0x0000295e        0x2 
 .text.PINS_GetAdcInterleaveVal
                0x00002960       0x70 ./SDK/platform/drivers/src/pins/pins_port_hw_access.o
 .text.PINS_Init
                0x000029d0      0x114 ./SDK/platform/drivers/src/pins/pins_port_hw_access.o
                0x000029d0                PINS_Init
 .text.vListInitialise
                0x00002ae4       0x16 ./SDK/rtos/FreeRTOS_S32K/Source/list.o
                0x00002ae4                vListInitialise
 .text.vListInitialiseItem
                0x00002afa        0x6 ./SDK/rtos/FreeRTOS_S32K/Source/list.o
                0x00002afa                vListInitialiseItem
 .text.vListInsertEnd
                0x00002b00       0x18 ./SDK/rtos/FreeRTOS_S32K/Source/list.o
                0x00002b00                vListInsertEnd
 .text.vListInsert
                0x00002b18       0x34 ./SDK/rtos/FreeRTOS_S32K/Source/list.o
                0x00002b18                vListInsert
 .text.uxListRemove
                0x00002b4c       0x26 ./SDK/rtos/FreeRTOS_S32K/Source/list.o
                0x00002b4c                uxListRemove
 .text.prvIsQueueEmpty
                0x00002b72       0x16 ./SDK/rtos/FreeRTOS_S32K/Source/queue.o
 .text.prvCopyDataToQueue
                0x00002b88       0x76 ./SDK/rtos/FreeRTOS_S32K/Source/queue.o
 .text.prvCopyDataFromQueue
                0x00002bfe       0x24 ./SDK/rtos/FreeRTOS_S32K/Source/queue.o
 .text.prvUnlockQueue
                0x00002c22       0x82 ./SDK/rtos/FreeRTOS_S32K/Source/queue.o
 .text.xQueueGenericReset
                0x00002ca4       0x80 ./SDK/rtos/FreeRTOS_S32K/Source/queue.o
                0x00002ca4                xQueueGenericReset
 .text.xQueueGenericCreate
                0x00002d24       0x44 ./SDK/rtos/FreeRTOS_S32K/Source/queue.o
                0x00002d24                xQueueGenericCreate
 .text.xQueueCreateCountingSemaphore
                0x00002d68       0x40 ./SDK/rtos/FreeRTOS_S32K/Source/queue.o
                0x00002d68                xQueueCreateCountingSemaphore
 .text.xQueueGenericSend
                0x00002da8      0x188 ./SDK/rtos/FreeRTOS_S32K/Source/queue.o
                0x00002da8                xQueueGenericSend
 .text.xQueueGenericSendFromISR
                0x00002f30       0xd6 ./SDK/rtos/FreeRTOS_S32K/Source/queue.o
                0x00002f30                xQueueGenericSendFromISR
 .text.xQueueGiveFromISR
                0x00003006       0xb2 ./SDK/rtos/FreeRTOS_S32K/Source/queue.o
                0x00003006                xQueueGiveFromISR
 .text.xQueueReceive
                0x000030b8      0x158 ./SDK/rtos/FreeRTOS_S32K/Source/queue.o
                0x000030b8                xQueueReceive
 .text.vQueueWaitForMessageRestricted
                0x00003210       0x4e ./SDK/rtos/FreeRTOS_S32K/Source/queue.o
                0x00003210                vQueueWaitForMessageRestricted
 *fill*         0x0000325e        0x2 
 .text.prvResetNextTaskUnblockTime
                0x00003260       0x2c ./SDK/rtos/FreeRTOS_S32K/Source/tasks.o
 .text.prvIdleTask
                0x0000328c       0x70 ./SDK/rtos/FreeRTOS_S32K/Source/tasks.o
 .text.prvAddCurrentTaskToDelayedList
                0x000032fc       0xa0 ./SDK/rtos/FreeRTOS_S32K/Source/tasks.o
 .text.xTaskCreate
                0x0000339c      0x1cc ./SDK/rtos/FreeRTOS_S32K/Source/tasks.o
                0x0000339c                xTaskCreate
 .text.vTaskStartScheduler
                0x00003568       0x84 ./SDK/rtos/FreeRTOS_S32K/Source/tasks.o
                0x00003568                vTaskStartScheduler
 .text.vTaskSuspendAll
                0x000035ec       0x10 ./SDK/rtos/FreeRTOS_S32K/Source/tasks.o
                0x000035ec                vTaskSuspendAll
 .text.xTaskGetTickCount
                0x000035fc        0xc ./SDK/rtos/FreeRTOS_S32K/Source/tasks.o
                0x000035fc                xTaskGetTickCount
 .text.xTaskIncrementTick
                0x00003608      0x128 ./SDK/rtos/FreeRTOS_S32K/Source/tasks.o
                0x00003608                xTaskIncrementTick
 .text.xTaskResumeAll
                0x00003730      0x100 ./SDK/rtos/FreeRTOS_S32K/Source/tasks.o
                0x00003730                xTaskResumeAll
 .text.vTaskDelay
                0x00003830       0x4c ./SDK/rtos/FreeRTOS_S32K/Source/tasks.o
                0x00003830                vTaskDelay
 .text.vTaskSwitchContext
                0x0000387c       0x94 ./SDK/rtos/FreeRTOS_S32K/Source/tasks.o
                0x0000387c                vTaskSwitchContext
 .text.vTaskPlaceOnEventList
                0x00003910       0x30 ./SDK/rtos/FreeRTOS_S32K/Source/tasks.o
                0x00003910                vTaskPlaceOnEventList
 .text.vTaskPlaceOnEventListRestricted
                0x00003940       0x3c ./SDK/rtos/FreeRTOS_S32K/Source/tasks.o
                0x00003940                vTaskPlaceOnEventListRestricted
 .text.xTaskRemoveFromEventList
                0x0000397c       0x88 ./SDK/rtos/FreeRTOS_S32K/Source/tasks.o
                0x0000397c                xTaskRemoveFromEventList
 .text.vTaskInternalSetTimeOutState
                0x00003a04       0x18 ./SDK/rtos/FreeRTOS_S32K/Source/tasks.o
                0x00003a04                vTaskInternalSetTimeOutState
 .text.xTaskCheckForTimeOut
                0x00003a1c       0x9c ./SDK/rtos/FreeRTOS_S32K/Source/tasks.o
                0x00003a1c                xTaskCheckForTimeOut
 .text.vTaskMissedYield
                0x00003ab8        0xc ./SDK/rtos/FreeRTOS_S32K/Source/tasks.o
                0x00003ab8                vTaskMissedYield
 .text.xTaskGetSchedulerState
                0x00003ac4       0x20 ./SDK/rtos/FreeRTOS_S32K/Source/tasks.o
                0x00003ac4                xTaskGetSchedulerState
 .text.xTaskPriorityDisinherit
                0x00003ae4       0xb0 ./SDK/rtos/FreeRTOS_S32K/Source/tasks.o
                0x00003ae4                xTaskPriorityDisinherit
 .text.prvInsertTimerInActiveList
                0x00003b94       0x48 ./SDK/rtos/FreeRTOS_S32K/Source/timers.o
 .text.prvCheckForValidListAndQueue
                0x00003bdc       0x50 ./SDK/rtos/FreeRTOS_S32K/Source/timers.o
 .text.xTimerCreateTimerTask
                0x00003c2c       0x4c ./SDK/rtos/FreeRTOS_S32K/Source/timers.o
                0x00003c2c                xTimerCreateTimerTask
 .text.xTimerGenericCommand
                0x00003c78       0x60 ./SDK/rtos/FreeRTOS_S32K/Source/timers.o
                0x00003c78                xTimerGenericCommand
 .text.prvSampleTimeNow
                0x00003cd8       0xa8 ./SDK/rtos/FreeRTOS_S32K/Source/timers.o
 .text.prvTimerTask
                0x00003d80      0x1c8 ./SDK/rtos/FreeRTOS_S32K/Source/timers.o
 .text.prvTaskExitError
                0x00003f48       0x40 ./SDK/rtos/FreeRTOS_S32K/Source/portable/GCC/ARM_CM4F/port.o
 .text.prvPortStartFirstTask
                0x00003f88       0x28 ./SDK/rtos/FreeRTOS_S32K/Source/portable/GCC/ARM_CM4F/port.o
 .text.vPortEnableVFP
                0x00003fb0       0x14 ./SDK/rtos/FreeRTOS_S32K/Source/portable/GCC/ARM_CM4F/port.o
 .text.pxPortInitialiseStack
                0x00003fc4       0x2c ./SDK/rtos/FreeRTOS_S32K/Source/portable/GCC/ARM_CM4F/port.o
                0x00003fc4                pxPortInitialiseStack
 .text.SVC_Handler
                0x00003ff0       0x24 ./SDK/rtos/FreeRTOS_S32K/Source/portable/GCC/ARM_CM4F/port.o
                0x00003ff0                SVC_Handler
 .text.vPortEnterCritical
                0x00004014       0x44 ./SDK/rtos/FreeRTOS_S32K/Source/portable/GCC/ARM_CM4F/port.o
                0x00004014                vPortEnterCritical
 .text.vPortExitCritical
                0x00004058       0x2c ./SDK/rtos/FreeRTOS_S32K/Source/portable/GCC/ARM_CM4F/port.o
                0x00004058                vPortExitCritical
 *fill*         0x00004084        0xc 
 .text.PendSV_Handler
                0x00004090       0x64 ./SDK/rtos/FreeRTOS_S32K/Source/portable/GCC/ARM_CM4F/port.o
                0x00004090                PendSV_Handler
 .text.SysTick_Handler
                0x000040f4       0x2c ./SDK/rtos/FreeRTOS_S32K/Source/portable/GCC/ARM_CM4F/port.o
                0x000040f4                SysTick_Handler
 .text.vPortSetupTimerInterrupt
                0x00004120       0x24 ./SDK/rtos/FreeRTOS_S32K/Source/portable/GCC/ARM_CM4F/port.o
                0x00004120                vPortSetupTimerInterrupt
 .text.xPortStartScheduler
                0x00004144      0x118 ./SDK/rtos/FreeRTOS_S32K/Source/portable/GCC/ARM_CM4F/port.o
                0x00004144                xPortStartScheduler
 .text.vPortValidateInterruptPriority
                0x0000425c       0x5c ./SDK/rtos/FreeRTOS_S32K/Source/portable/GCC/ARM_CM4F/port.o
                0x0000425c                vPortValidateInterruptPriority
 .text.pvPortMalloc
                0x000042b8       0xc8 ./SDK/rtos/FreeRTOS_S32K/Source/portable/MemMang/heap_2.o
                0x000042b8                pvPortMalloc
 .text.vPortFree
                0x00004380       0x44 ./SDK/rtos/FreeRTOS_S32K/Source/portable/MemMang/heap_2.o
                0x00004380                vPortFree
 .text.OSIF_SemaPost
                0x000043c4       0x58 ./SDK/rtos/osif/osif_freertos.o
                0x000043c4                OSIF_SemaPost
 .text.OSIF_SemaCreate
                0x0000441c       0x14 ./SDK/rtos/osif/osif_freertos.o
                0x0000441c                OSIF_SemaCreate
 .text.rxCallback
                0x00004430       0x34 ./Sources/main.o
                0x00004430                rxCallback
 .text.receive_data
                0x00004464        0xe ./Sources/main.o
                0x00004464                receive_data
 *fill*         0x00004472        0x2 
 .text.send_data
                0x00004474       0x20 ./Sources/main.o
                0x00004474                send_data
 .text.rtos_start
                0x00004494       0x40 ./Sources/main.o
                0x00004494                rtos_start
 .text.main     0x000044d4       0x5c ./Sources/main.o
                0x000044d4                main
 .text.memcpy   0x00004530       0x16 C:/NXP/S32DS_ARM_v2.2/S32DS/build_tools/gcc_v6.3/gcc-6.3-arm32-eabi/arm-none-eabi/newlib/lib/thumb/v7e-m/fpv4-sp/hard\libc_nano.a(lib_a-memcpy-stub.o)
                0x00004530                memcpy
 .text.memset   0x00004546       0x10 C:/NXP/S32DS_ARM_v2.2/S32DS/build_tools/gcc_v6.3/gcc-6.3-arm32-eabi/arm-none-eabi/newlib/lib/thumb/v7e-m/fpv4-sp/hard\libc_nano.a(lib_a-memset.o)
                0x00004546                memset
 *(.rodata)
 *(.rodata*)
 *fill*         0x00004556        0x2 
 .rodata.lpuart1_InitConfig0
                0x00004558        0xc ./Generated_Code/lpuart1.o
                0x00004558                lpuart1_InitConfig0
 .rodata.clockNameMappings
                0x00004564       0x9e ./SDK/platform/drivers/src/clock/S32K1xx/clock_S32K1xx.o
                0x00004564                clockNameMappings
 *fill*         0x00004602        0x2 
 .rodata.maxSysClksInHSRUN.7598
                0x00004604       0x54 ./SDK/platform/drivers/src/clock/S32K1xx/clock_S32K1xx.o
 .rodata.maxSysClksInRUN.7597
                0x00004658       0x54 ./SDK/platform/drivers/src/clock/S32K1xx/clock_S32K1xx.o
 .rodata.maxSysClksInVLPR.7596
                0x000046ac       0x54 ./SDK/platform/drivers/src/clock/S32K1xx/clock_S32K1xx.o
 .rodata.peripheralFeaturesList
                0x00004700       0x4f ./SDK/platform/drivers/src/clock/S32K1xx/clock_S32K1xx.o
                0x00004700                peripheralFeaturesList
 *fill*         0x0000474f        0x1 
 .rodata.s_lpuartBase
                0x00004750        0xc ./SDK/platform/drivers/src/lpuart/lpuart_driver.o
 .rodata.s_lpuartClkNames
                0x0000475c        0x3 ./SDK/platform/drivers/src/lpuart/lpuart_driver.o
 *fill*         0x0000475f        0x1 
 .rodata.s_lpuartRxTxIrqId
                0x00004760        0x3 ./SDK/platform/drivers/src/lpuart/lpuart_driver.o
 *fill*         0x00004763        0x1 
 .rodata.vTaskStartScheduler.str1.4
                0x00004764        0x5 ./SDK/rtos/FreeRTOS_S32K/Source/tasks.o
 *fill*         0x00004769        0x3 
 .rodata.xTimerCreateTimerTask.str1.4
                0x0000476c        0x8 ./SDK/rtos/FreeRTOS_S32K/Source/timers.o
 .rodata.rtos_start.str1.4
                0x00004774       0x1c ./Sources/main.o
                                 0x19 (size before relaxing)
 *(.init)
 .init          0x00004790        0x4 c:/nxp/s32ds_arm_v2.2/s32ds/build_tools/gcc_v6.3/gcc-6.3-arm32-eabi/bin/../lib/gcc/arm-none-eabi/6.3.1/thumb/v7e-m/fpv4-sp/hard/crti.o
                0x00004790                _init
 *(.fini)
 .fini          0x00004794        0x4 c:/nxp/s32ds_arm_v2.2/s32ds/build_tools/gcc_v6.3/gcc-6.3-arm32-eabi/bin/../lib/gcc/arm-none-eabi/6.3.1/thumb/v7e-m/fpv4-sp/hard/crti.o
                0x00004794                _fini
 *(.eh_frame)
                0x00004798                . = ALIGN (0x4)

.glue_7         0x00004798        0x0
 .glue_7        0x00004798        0x0 linker stubs

.glue_7t        0x00004798        0x0
 .glue_7t       0x00004798        0x0 linker stubs

.vfp11_veneer   0x00004798        0x0
 .vfp11_veneer  0x00004798        0x0 linker stubs

.v4_bx          0x00004798        0x0
 .v4_bx         0x00004798        0x0 linker stubs

.iplt           0x00004798        0x0
 .iplt          0x00004798        0x0 c:/nxp/s32ds_arm_v2.2/s32ds/build_tools/gcc_v6.3/gcc-6.3-arm32-eabi/bin/../lib/gcc/arm-none-eabi/6.3.1/thumb/v7e-m/fpv4-sp/hard/crtbegin.o

.rel.dyn        0x00004798        0x0
 .rel.iplt      0x00004798        0x0 c:/nxp/s32ds_arm_v2.2/s32ds/build_tools/gcc_v6.3/gcc-6.3-arm32-eabi/bin/../lib/gcc/arm-none-eabi/6.3.1/thumb/v7e-m/fpv4-sp/hard/crtbegin.o

.ARM            0x00004798        0x0
                0x00004798                __exidx_start = .
 *(.ARM.exidx*)
                0x00004798                __exidx_end = .
                0x00004798                __etext = .
                0x00004798                __DATA_ROM = .

.interrupts_ram
                0x1fff8000      0x400
                0x1fff8000                . = ALIGN (0x4)
                0x1fff8000                __VECTOR_RAM__ = .
                0x1fff8000                __RAM_START = .
                0x1fff8000                __interrupts_ram_start__ = .
 *(.m_interrupts_ram)
                0x1fff8400                . = (. + M_VECTOR_RAM_SIZE)
 *fill*         0x1fff8000      0x400 
                0x1fff8400                . = ALIGN (0x4)
                0x1fff8400                __interrupts_ram_end__ = .
                0x1fff8000                __VECTOR_RAM = DEFINED (__flash_vector_table__)?ORIGIN (m_interrupts):__VECTOR_RAM__
                0x00000400                __RAM_VECTOR_TABLE_SIZE = DEFINED (__flash_vector_table__)?0x0:(__interrupts_ram_end__ - __interrupts_ram_start__)

.data           0x1fff8400      0x1a8 load address 0x00004798
                0x1fff8400                . = ALIGN (0x4)
                0x1fff8400                __DATA_RAM = .
                0x1fff8400                __data_start__ = .
 *(.data)
 *(.data*)
 .data.clockMan1_InitConfig0
                0x1fff8400       0x78 ./Generated_Code/clockMan1.o
                0x1fff8400                clockMan1_InitConfig0
 .data.g_clockManConfigsArr
                0x1fff8478        0x4 ./Generated_Code/clockMan1.o
                0x1fff8478                g_clockManConfigsArr
 .data.peripheralClockConfig0
                0x1fff847c       0x2d ./Generated_Code/clockMan1.o
                0x1fff847c                peripheralClockConfig0
 *fill*         0x1fff84a9        0x3 
 .data.g_pin_mux_InitConfigArr
                0x1fff84ac       0x48 ./Generated_Code/pin_mux.o
                0x1fff84ac                g_pin_mux_InitConfigArr
 .data.peripheralClockConfig.7360
                0x1fff84f4       0xa0 ./SDK/platform/drivers/src/clock/S32K1xx/clock_S32K1xx.o
 .data.g_lpuartIsr
                0x1fff8594        0xc ./SDK/platform/drivers/src/lpuart/lpuart_irq.o
                0x1fff8594                g_lpuartIsr
 .data.uxCriticalNesting
                0x1fff85a0        0x4 ./SDK/rtos/FreeRTOS_S32K/Source/portable/GCC/ARM_CM4F/port.o
 .data.xFreeBytesRemaining
                0x1fff85a4        0x4 ./SDK/rtos/FreeRTOS_S32K/Source/portable/MemMang/heap_2.o
                0x1fff85a8                . = ALIGN (0x4)
                0x1fff85a8                __data_end__ = .
                0x00004940                __DATA_END = (__DATA_ROM + (__data_end__ - __data_start__))
                0x00004940                __CODE_ROM = __DATA_END

.igot.plt       0x1fff85a8        0x0 load address 0x00004940
 .igot.plt      0x1fff85a8        0x0 c:/nxp/s32ds_arm_v2.2/s32ds/build_tools/gcc_v6.3/gcc-6.3-arm32-eabi/bin/../lib/gcc/arm-none-eabi/6.3.1/thumb/v7e-m/fpv4-sp/hard/crtbegin.o

.code           0x1fff85a8        0x0 load address 0x00004940
                0x1fff85a8                . = ALIGN (0x4)
                0x1fff85a8                __CODE_RAM = .
                0x1fff85a8                __code_start__ = .
                0x1fff85a8                __code_ram_start__ = .
 *(.code_ram)
                0x1fff85a8                . = ALIGN (0x4)
                0x1fff85a8                __code_end__ = .
                0x1fff85a8                __code_ram_end__ = .
                0x00004940                __CODE_END = (__CODE_ROM + (__code_end__ - __code_start__))
                0x00004940                __CUSTOM_ROM = __CODE_END

.customSectionBlock
                0x20000000        0x0 load address 0x00004940
                0x20000000                __customSection_start__ = .
 *(.customSection)
                0x20000000                __customSection_end__ = .
                0x00004940                __CUSTOM_END = (__CUSTOM_ROM + (__customSection_end__ - __customSection_start__))

.bss            0x20000000     0x2310
                0x20000000                . = ALIGN (0x4)
                0x20000000                __BSS_START = .
                0x20000000                __bss_start__ = .
 *(.bss)
 *(.bss*)
 .bss.g_clockManCallbacksArr
                0x20000000        0x4 ./Generated_Code/clockMan1.o
                0x20000000                g_clockManCallbacksArr
 .bss.lpuart1_State
                0x20000004       0x38 ./Generated_Code/lpuart1.o
                0x20000004                lpuart1_State
 .bss.g_RtcClkInFreq
                0x2000003c        0x4 ./SDK/platform/drivers/src/clock/S32K1xx/clock_S32K1xx.o
                0x2000003c                g_RtcClkInFreq
 .bss.g_TClkFreq
                0x20000040        0xc ./SDK/platform/drivers/src/clock/S32K1xx/clock_S32K1xx.o
                0x20000040                g_TClkFreq
 .bss.g_clockState
                0x2000004c       0x10 ./SDK/platform/drivers/src/clock/S32K1xx/clock_S32K1xx.o
 .bss.g_xtal0ClkFreq
                0x2000005c        0x4 ./SDK/platform/drivers/src/clock/S32K1xx/clock_S32K1xx.o
                0x2000005c                g_xtal0ClkFreq
 .bss.s_virtEdmaState
                0x20000060        0x4 ./SDK/platform/drivers/src/edma/edma_driver.o
 .bss.g_interruptDisableCount
                0x20000064        0x4 ./SDK/platform/drivers/src/interrupt/interrupt_manager.o
 .bss.s_lpuartStatePtr
                0x20000068        0xc ./SDK/platform/drivers/src/lpuart/lpuart_driver.o
 .bss.pxCurrentTCB
                0x20000074        0x4 ./SDK/rtos/FreeRTOS_S32K/Source/tasks.o
                0x20000074                pxCurrentTCB
 .bss.pxDelayedTaskList
                0x20000078        0x4 ./SDK/rtos/FreeRTOS_S32K/Source/tasks.o
 .bss.pxOverflowDelayedTaskList
                0x2000007c        0x4 ./SDK/rtos/FreeRTOS_S32K/Source/tasks.o
 .bss.pxReadyTasksLists
                0x20000080       0xa0 ./SDK/rtos/FreeRTOS_S32K/Source/tasks.o
 .bss.uxCurrentNumberOfTasks
                0x20000120        0x4 ./SDK/rtos/FreeRTOS_S32K/Source/tasks.o
 .bss.uxDeletedTasksWaitingCleanUp
                0x20000124        0x4 ./SDK/rtos/FreeRTOS_S32K/Source/tasks.o
 .bss.uxPendedTicks
                0x20000128        0x4 ./SDK/rtos/FreeRTOS_S32K/Source/tasks.o
 .bss.uxSchedulerSuspended
                0x2000012c        0x4 ./SDK/rtos/FreeRTOS_S32K/Source/tasks.o
 .bss.uxTaskNumber
                0x20000130        0x4 ./SDK/rtos/FreeRTOS_S32K/Source/tasks.o
 .bss.uxTopReadyPriority
                0x20000134        0x4 ./SDK/rtos/FreeRTOS_S32K/Source/tasks.o
 .bss.xDelayedTaskList1
                0x20000138       0x14 ./SDK/rtos/FreeRTOS_S32K/Source/tasks.o
 .bss.xDelayedTaskList2
                0x2000014c       0x14 ./SDK/rtos/FreeRTOS_S32K/Source/tasks.o
 .bss.xIdleTaskHandle
                0x20000160        0x4 ./SDK/rtos/FreeRTOS_S32K/Source/tasks.o
 .bss.xNextTaskUnblockTime
                0x20000164        0x4 ./SDK/rtos/FreeRTOS_S32K/Source/tasks.o
 .bss.xNumOfOverflows
                0x20000168        0x4 ./SDK/rtos/FreeRTOS_S32K/Source/tasks.o
 .bss.xPendingReadyList
                0x2000016c       0x14 ./SDK/rtos/FreeRTOS_S32K/Source/tasks.o
 .bss.xSchedulerRunning
                0x20000180        0x4 ./SDK/rtos/FreeRTOS_S32K/Source/tasks.o
 .bss.xSuspendedTaskList
                0x20000184       0x14 ./SDK/rtos/FreeRTOS_S32K/Source/tasks.o
 .bss.xTasksWaitingTermination
                0x20000198       0x14 ./SDK/rtos/FreeRTOS_S32K/Source/tasks.o
 .bss.xTickCount
                0x200001ac        0x4 ./SDK/rtos/FreeRTOS_S32K/Source/tasks.o
 .bss.xYieldPending
                0x200001b0        0x4 ./SDK/rtos/FreeRTOS_S32K/Source/tasks.o
 .bss.pxCurrentTimerList
                0x200001b4        0x4 ./SDK/rtos/FreeRTOS_S32K/Source/timers.o
 .bss.pxOverflowTimerList
                0x200001b8        0x4 ./SDK/rtos/FreeRTOS_S32K/Source/timers.o
 .bss.xActiveTimerList1
                0x200001bc       0x14 ./SDK/rtos/FreeRTOS_S32K/Source/timers.o
 .bss.xActiveTimerList2
                0x200001d0       0x14 ./SDK/rtos/FreeRTOS_S32K/Source/timers.o
 .bss.xLastTime.6385
                0x200001e4        0x4 ./SDK/rtos/FreeRTOS_S32K/Source/timers.o
 .bss.xTimerQueue
                0x200001e8        0x4 ./SDK/rtos/FreeRTOS_S32K/Source/timers.o
 .bss.xTimerTaskHandle
                0x200001ec        0x4 ./SDK/rtos/FreeRTOS_S32K/Source/timers.o
 .bss.ucMaxSysCallPriority
                0x200001f0        0x1 ./SDK/rtos/FreeRTOS_S32K/Source/portable/GCC/ARM_CM4F/port.o
 *fill*         0x200001f1        0x3 
 .bss.ulMaxPRIGROUPValue
                0x200001f4        0x4 ./SDK/rtos/FreeRTOS_S32K/Source/portable/GCC/ARM_CM4F/port.o
 .bss.ucHeap    0x200001f8     0x2000 ./SDK/rtos/FreeRTOS_S32K/Source/portable/MemMang/heap_2.o
 .bss.xEnd      0x200021f8        0x8 ./SDK/rtos/FreeRTOS_S32K/Source/portable/MemMang/heap_2.o
 .bss.xHeapHasBeenInitialised.6103
                0x20002200        0x4 ./SDK/rtos/FreeRTOS_S32K/Source/portable/MemMang/heap_2.o
 .bss.xStart    0x20002204        0x8 ./SDK/rtos/FreeRTOS_S32K/Source/portable/MemMang/heap_2.o
 .bss.buffer    0x2000220c      0x100 ./Sources/main.o
                0x2000220c                buffer
 .bss.bufferIdx
                0x2000230c        0x1 ./Sources/main.o
                0x2000230c                bufferIdx
 *(COMMON)
                0x20002310                . = ALIGN (0x4)
 *fill*         0x2000230d        0x3 
                0x20002310                __bss_end__ = .
                0x20002310                __BSS_END = .

.heap           0x20002310      0x400
                0x20002310                . = ALIGN (0x8)
                0x20002310                __end__ = .
                0x20002310                __heap_start__ = .
                [!provide]                PROVIDE (end, .)
                [!provide]                PROVIDE (_end, .)
                [!provide]                PROVIDE (__end, .)
                0x20002310                __HeapBase = .
                0x20002710                . = (. + HEAP_SIZE)
 *fill*         0x20002310      0x400 
                0x20002710                __HeapLimit = .
                0x20002710                __heap_limit = .
                0x20002710                __heap_end__ = .
                0x20007000                __StackTop = (ORIGIN (m_data_2) + LENGTH (m_data_2))
                0x20006c00                __StackLimit = (__StackTop - STACK_SIZE)
                0x20007000                PROVIDE (__stack, __StackTop)
                0x20007000                __RAM_END = __StackTop

.stack          0x20006c00      0x400
                0x20006c00                . = ALIGN (0x8)
                0x20006c00                __stack_start__ = .
                0x20007000                . = (. + STACK_SIZE)
 *fill*         0x20006c00      0x400 
                0x20007000                __stack_end__ = .

.ARM.attributes
                0x00000000       0x30
 *(.ARM.attributes)
 .ARM.attributes
                0x00000000       0x22 c:/nxp/s32ds_arm_v2.2/s32ds/build_tools/gcc_v6.3/gcc-6.3-arm32-eabi/bin/../lib/gcc/arm-none-eabi/6.3.1/thumb/v7e-m/fpv4-sp/hard/crti.o
 .ARM.attributes
                0x00000022       0x39 ./Generated_Code/clockMan1.o
 .ARM.attributes
                0x0000005b       0x39 ./Generated_Code/lpuart1.o
 .ARM.attributes
                0x00000094       0x39 ./Generated_Code/pin_mux.o
 .ARM.attributes
                0x000000cd       0x1f ./Project_Settings/Startup_Code/startup_S32K144.o
 .ARM.attributes
                0x000000ec       0x39 ./SDK/platform/devices/S32K144/startup/system_S32K144.o
 .ARM.attributes
                0x00000125       0x39 ./SDK/platform/devices/startup.o
 .ARM.attributes
                0x0000015e       0x39 ./SDK/platform/drivers/src/clock/S32K1xx/clock_S32K1xx.o
 .ARM.attributes
                0x00000197       0x39 ./SDK/platform/drivers/src/edma/edma_driver.o
 .ARM.attributes
                0x000001d0       0x39 ./SDK/platform/drivers/src/edma/edma_hw_access.o
 .ARM.attributes
                0x00000209       0x39 ./SDK/platform/drivers/src/edma/edma_irq.o
 .ARM.attributes
                0x00000242       0x39 ./SDK/platform/drivers/src/interrupt/interrupt_manager.o
 .ARM.attributes
                0x0000027b       0x39 ./SDK/platform/drivers/src/lpuart/lpuart_driver.o
 .ARM.attributes
                0x000002b4       0x39 ./SDK/platform/drivers/src/lpuart/lpuart_hw_access.o
 .ARM.attributes
                0x000002ed       0x39 ./SDK/platform/drivers/src/lpuart/lpuart_irq.o
 .ARM.attributes
                0x00000326       0x39 ./SDK/platform/drivers/src/pins/pins_driver.o
 .ARM.attributes
                0x0000035f       0x39 ./SDK/platform/drivers/src/pins/pins_port_hw_access.o
 .ARM.attributes
                0x00000398       0x39 ./SDK/rtos/FreeRTOS_S32K/Source/list.o
 .ARM.attributes
                0x000003d1       0x39 ./SDK/rtos/FreeRTOS_S32K/Source/queue.o
 .ARM.attributes
                0x0000040a       0x39 ./SDK/rtos/FreeRTOS_S32K/Source/tasks.o
 .ARM.attributes
                0x00000443       0x39 ./SDK/rtos/FreeRTOS_S32K/Source/timers.o
 .ARM.attributes
                0x0000047c       0x39 ./SDK/rtos/FreeRTOS_S32K/Source/portable/GCC/ARM_CM4F/port.o
 .ARM.attributes
                0x000004b5       0x39 ./SDK/rtos/FreeRTOS_S32K/Source/portable/MemMang/heap_2.o
 .ARM.attributes
                0x000004ee       0x39 ./SDK/rtos/osif/osif_freertos.o
 .ARM.attributes
                0x00000527       0x39 ./Sources/main.o
 .ARM.attributes
                0x00000560       0x34 C:/NXP/S32DS_ARM_v2.2/S32DS/build_tools/gcc_v6.3/gcc-6.3-arm32-eabi/arm-none-eabi/newlib/lib/thumb/v7e-m/fpv4-sp/hard\libc_nano.a(lib_a-memcpy-stub.o)
 .ARM.attributes
                0x00000594       0x34 C:/NXP/S32DS_ARM_v2.2/S32DS/build_tools/gcc_v6.3/gcc-6.3-arm32-eabi/arm-none-eabi/newlib/lib/thumb/v7e-m/fpv4-sp/hard\libc_nano.a(lib_a-memset.o)
                0x00000001                ASSERT ((__StackLimit >= __HeapLimit), region m_data_2 overflowed with stack and heap)
OUTPUT(uart_demo.elf elf32-littlearm)

.debug_info     0x00000000    0x202f7
 .debug_info    0x00000000     0x1c8d ./Generated_Code/clockMan1.o
 .debug_info    0x00001c8d     0x1b65 ./Generated_Code/lpuart1.o
 .debug_info    0x000037f2      0x406 ./Generated_Code/pin_mux.o
 .debug_info    0x00003bf8       0x26 ./Project_Settings/Startup_Code/startup_S32K144.o
 .debug_info    0x00003c1e      0x521 ./SDK/platform/devices/S32K144/startup/system_S32K144.o
 .debug_info    0x0000413f      0x2ad ./SDK/platform/devices/startup.o
 .debug_info    0x000043ec     0x5aaa ./SDK/platform/drivers/src/clock/S32K1xx/clock_S32K1xx.o
 .debug_info    0x00009e96     0x3771 ./SDK/platform/drivers/src/edma/edma_driver.o
 .debug_info    0x0000d607      0x960 ./SDK/platform/drivers/src/edma/edma_hw_access.o
 .debug_info    0x0000df67      0x6db ./SDK/platform/drivers/src/edma/edma_irq.o
 .debug_info    0x0000e642      0x8bd ./SDK/platform/drivers/src/interrupt/interrupt_manager.o
 .debug_info    0x0000eeff     0x2ffe ./SDK/platform/drivers/src/lpuart/lpuart_driver.o
 .debug_info    0x00011efd      0x96c ./SDK/platform/drivers/src/lpuart/lpuart_hw_access.o
 .debug_info    0x00012869      0x127 ./SDK/platform/drivers/src/lpuart/lpuart_irq.o
 .debug_info    0x00012990     0x13d8 ./SDK/platform/drivers/src/pins/pins_driver.o
 .debug_info    0x00013d68      0x8a8 ./SDK/platform/drivers/src/pins/pins_port_hw_access.o
 .debug_info    0x00014610      0xaa8 ./SDK/rtos/FreeRTOS_S32K/Source/list.o
 .debug_info    0x000150b8     0x2633 ./SDK/rtos/FreeRTOS_S32K/Source/queue.o
 .debug_info    0x000176eb     0x2fbd ./SDK/rtos/FreeRTOS_S32K/Source/tasks.o
 .debug_info    0x0001a6a8     0x1a72 ./SDK/rtos/FreeRTOS_S32K/Source/timers.o
 .debug_info    0x0001c11a      0x560 ./SDK/rtos/FreeRTOS_S32K/Source/portable/GCC/ARM_CM4F/port.o
 .debug_info    0x0001c67a      0xb4a ./SDK/rtos/FreeRTOS_S32K/Source/portable/MemMang/heap_2.o
 .debug_info    0x0001d1c4      0xa92 ./SDK/rtos/osif/osif_freertos.o
 .debug_info    0x0001dc56     0x26a1 ./Sources/main.o

.debug_abbrev   0x00000000     0x33e8
 .debug_abbrev  0x00000000      0x143 ./Generated_Code/clockMan1.o
 .debug_abbrev  0x00000143      0x136 ./Generated_Code/lpuart1.o
 .debug_abbrev  0x00000279       0xca ./Generated_Code/pin_mux.o
 .debug_abbrev  0x00000343       0x14 ./Project_Settings/Startup_Code/startup_S32K144.o
 .debug_abbrev  0x00000357      0x140 ./SDK/platform/devices/S32K144/startup/system_S32K144.o
 .debug_abbrev  0x00000497       0xe0 ./SDK/platform/devices/startup.o
 .debug_abbrev  0x00000577      0x3e3 ./SDK/platform/drivers/src/clock/S32K1xx/clock_S32K1xx.o
 .debug_abbrev  0x0000095a      0x422 ./SDK/platform/drivers/src/edma/edma_driver.o
 .debug_abbrev  0x00000d7c      0x205 ./SDK/platform/drivers/src/edma/edma_hw_access.o
 .debug_abbrev  0x00000f81      0x1b8 ./SDK/platform/drivers/src/edma/edma_irq.o
 .debug_abbrev  0x00001139      0x1ce ./SDK/platform/drivers/src/interrupt/interrupt_manager.o
 .debug_abbrev  0x00001307      0x3a4 ./SDK/platform/drivers/src/lpuart/lpuart_driver.o
 .debug_abbrev  0x000016ab      0x1d0 ./SDK/platform/drivers/src/lpuart/lpuart_hw_access.o
 .debug_abbrev  0x0000187b       0xb9 ./SDK/platform/drivers/src/lpuart/lpuart_irq.o
 .debug_abbrev  0x00001934      0x2db ./SDK/platform/drivers/src/pins/pins_driver.o
 .debug_abbrev  0x00001c0f      0x1f5 ./SDK/platform/drivers/src/pins/pins_port_hw_access.o
 .debug_abbrev  0x00001e04      0x1d9 ./SDK/rtos/FreeRTOS_S32K/Source/list.o
 .debug_abbrev  0x00001fdd      0x380 ./SDK/rtos/FreeRTOS_S32K/Source/queue.o
 .debug_abbrev  0x0000235d      0x3c0 ./SDK/rtos/FreeRTOS_S32K/Source/tasks.o
 .debug_abbrev  0x0000271d      0x386 ./SDK/rtos/FreeRTOS_S32K/Source/timers.o
 .debug_abbrev  0x00002aa3      0x229 ./SDK/rtos/FreeRTOS_S32K/Source/portable/GCC/ARM_CM4F/port.o
 .debug_abbrev  0x00002ccc      0x27b ./SDK/rtos/FreeRTOS_S32K/Source/portable/MemMang/heap_2.o
 .debug_abbrev  0x00002f47      0x249 ./SDK/rtos/osif/osif_freertos.o
 .debug_abbrev  0x00003190      0x258 ./Sources/main.o

.debug_aranges  0x00000000      0xc58
 .debug_aranges
                0x00000000       0x18 ./Generated_Code/clockMan1.o
 .debug_aranges
                0x00000018       0x18 ./Generated_Code/lpuart1.o
 .debug_aranges
                0x00000030       0x18 ./Generated_Code/pin_mux.o
 .debug_aranges
                0x00000048       0x20 ./Project_Settings/Startup_Code/startup_S32K144.o
 .debug_aranges
                0x00000068       0x30 ./SDK/platform/devices/S32K144/startup/system_S32K144.o
 .debug_aranges
                0x00000098       0x20 ./SDK/platform/devices/startup.o
 .debug_aranges
                0x000000b8      0x120 ./SDK/platform/drivers/src/clock/S32K1xx/clock_S32K1xx.o
 .debug_aranges
                0x000001d8      0x138 ./SDK/platform/drivers/src/edma/edma_driver.o
 .debug_aranges
                0x00000310       0x88 ./SDK/platform/drivers/src/edma/edma_hw_access.o
 .debug_aranges
                0x00000398       0xa0 ./SDK/platform/drivers/src/edma/edma_irq.o
 .debug_aranges
                0x00000438       0x70 ./SDK/platform/drivers/src/interrupt/interrupt_manager.o
 .debug_aranges
                0x000004a8      0x118 ./SDK/platform/drivers/src/lpuart/lpuart_driver.o
 .debug_aranges
                0x000005c0       0x78 ./SDK/platform/drivers/src/lpuart/lpuart_hw_access.o
 .debug_aranges
                0x00000638       0x30 ./SDK/platform/drivers/src/lpuart/lpuart_irq.o
 .debug_aranges
                0x00000668       0xe0 ./SDK/platform/drivers/src/pins/pins_driver.o
 .debug_aranges
                0x00000748       0x40 ./SDK/platform/drivers/src/pins/pins_port_hw_access.o
 .debug_aranges
                0x00000788       0x40 ./SDK/rtos/FreeRTOS_S32K/Source/list.o
 .debug_aranges
                0x000007c8       0xf0 ./SDK/rtos/FreeRTOS_S32K/Source/queue.o
 .debug_aranges
                0x000008b8      0x1a8 ./SDK/rtos/FreeRTOS_S32K/Source/tasks.o
 .debug_aranges
                0x00000a60       0x98 ./SDK/rtos/FreeRTOS_S32K/Source/timers.o
 .debug_aranges
                0x00000af8       0x80 ./SDK/rtos/FreeRTOS_S32K/Source/portable/GCC/ARM_CM4F/port.o
 .debug_aranges
                0x00000b78       0x38 ./SDK/rtos/FreeRTOS_S32K/Source/portable/MemMang/heap_2.o
 .debug_aranges
                0x00000bb0       0x68 ./SDK/rtos/osif/osif_freertos.o
 .debug_aranges
                0x00000c18       0x40 ./Sources/main.o

.debug_line     0x00000000     0x7150
 .debug_line    0x00000000      0x3ae ./Generated_Code/clockMan1.o
 .debug_line    0x000003ae      0x3ac ./Generated_Code/lpuart1.o
 .debug_line    0x0000075a      0x1be ./Generated_Code/pin_mux.o
 .debug_line    0x00000918       0x82 ./Project_Settings/Startup_Code/startup_S32K144.o
 .debug_line    0x0000099a      0x1ee ./SDK/platform/devices/S32K144/startup/system_S32K144.o
 .debug_line    0x00000b88      0x177 ./SDK/platform/devices/startup.o
 .debug_line    0x00000cff     0x10a1 ./SDK/platform/drivers/src/clock/S32K1xx/clock_S32K1xx.o
 .debug_line    0x00001da0      0x86b ./SDK/platform/drivers/src/edma/edma_driver.o
 .debug_line    0x0000260b      0x353 ./SDK/platform/drivers/src/edma/edma_hw_access.o
 .debug_line    0x0000295e      0x2d2 ./SDK/platform/drivers/src/edma/edma_irq.o
 .debug_line    0x00002c30      0x2ed ./SDK/platform/drivers/src/interrupt/interrupt_manager.o
 .debug_line    0x00002f1d      0x9a3 ./SDK/platform/drivers/src/lpuart/lpuart_driver.o
 .debug_line    0x000038c0      0x39d ./SDK/platform/drivers/src/lpuart/lpuart_hw_access.o
 .debug_line    0x00003c5d       0xdc ./SDK/platform/drivers/src/lpuart/lpuart_irq.o
 .debug_line    0x00003d39      0x494 ./SDK/platform/drivers/src/pins/pins_driver.o
 .debug_line    0x000041cd      0x2cf ./SDK/platform/drivers/src/pins/pins_port_hw_access.o
 .debug_line    0x0000449c      0x2ea ./SDK/rtos/FreeRTOS_S32K/Source/list.o
 .debug_line    0x00004786      0x8a3 ./SDK/rtos/FreeRTOS_S32K/Source/queue.o
 .debug_line    0x00005029      0xc8d ./SDK/rtos/FreeRTOS_S32K/Source/tasks.o
 .debug_line    0x00005cb6      0x524 ./SDK/rtos/FreeRTOS_S32K/Source/timers.o
 .debug_line    0x000061da      0x391 ./SDK/rtos/FreeRTOS_S32K/Source/portable/GCC/ARM_CM4F/port.o
 .debug_line    0x0000656b      0x317 ./SDK/rtos/FreeRTOS_S32K/Source/portable/MemMang/heap_2.o
 .debug_line    0x00006882      0x383 ./SDK/rtos/osif/osif_freertos.o
 .debug_line    0x00006c05      0x54b ./Sources/main.o

.debug_str      0x00000000     0x9994
 .debug_str     0x00000000     0x3119 ./Generated_Code/clockMan1.o
                               0x31ca (size before relaxing)
 .debug_str     0x00003119       0x1c ./Generated_Code/lpuart1.o
                               0x2d30 (size before relaxing)
 .debug_str     0x00003135       0x1c ./Generated_Code/pin_mux.o
                                0x5e0 (size before relaxing)
 .debug_str     0x00003151       0x3f ./Project_Settings/Startup_Code/startup_S32K144.o
                                 0x67 (size before relaxing)
 .debug_str     0x00003190      0x1e2 ./SDK/platform/devices/S32K144/startup/system_S32K144.o
                                0x421 (size before relaxing)
 .debug_str     0x00003372      0x20c ./SDK/platform/devices/startup.o
                                0x410 (size before relaxing)
 .debug_str     0x0000357e     0x155d ./SDK/platform/drivers/src/clock/S32K1xx/clock_S32K1xx.o
                               0x3920 (size before relaxing)
 .debug_str     0x00004adb     0x1750 ./SDK/platform/drivers/src/edma/edma_driver.o
                               0x2a0e (size before relaxing)
 .debug_str     0x0000622b       0x46 ./SDK/platform/drivers/src/edma/edma_hw_access.o
                                0x7d2 (size before relaxing)
 .debug_str     0x00006271      0x162 ./SDK/platform/drivers/src/edma/edma_irq.o
                                0x4e7 (size before relaxing)
 .debug_str     0x000063d3      0x156 ./SDK/platform/drivers/src/interrupt/interrupt_manager.o
                                0xa67 (size before relaxing)
 .debug_str     0x00006529      0xaf0 ./SDK/platform/drivers/src/lpuart/lpuart_driver.o
                               0x2501 (size before relaxing)
 .debug_str     0x00007019       0xc4 ./SDK/platform/drivers/src/lpuart/lpuart_hw_access.o
                               0x1065 (size before relaxing)
 .debug_str     0x000070dd       0x69 ./SDK/platform/drivers/src/lpuart/lpuart_irq.o
                                0x26f (size before relaxing)
 .debug_str     0x00007146      0x5e6 ./SDK/platform/drivers/src/pins/pins_driver.o
                               0x142c (size before relaxing)
 .debug_str     0x0000772c      0x19d ./SDK/platform/drivers/src/pins/pins_port_hw_access.o
                                0x914 (size before relaxing)
 .debug_str     0x000078c9      0x53a ./SDK/rtos/FreeRTOS_S32K/Source/list.o
                                0x77a (size before relaxing)
 .debug_str     0x00007e03      0x779 ./SDK/rtos/FreeRTOS_S32K/Source/queue.o
                                0xebf (size before relaxing)
 .debug_str     0x0000857c      0xab0 ./SDK/rtos/FreeRTOS_S32K/Source/tasks.o
                               0x14ce (size before relaxing)
 .debug_str     0x0000902c      0x4d7 ./SDK/rtos/FreeRTOS_S32K/Source/timers.o
                                0xdab (size before relaxing)
 .debug_str     0x00009503      0x186 ./SDK/rtos/FreeRTOS_S32K/Source/portable/GCC/ARM_CM4F/port.o
                                0x4ca (size before relaxing)
 .debug_str     0x00009689      0x14f ./SDK/rtos/FreeRTOS_S32K/Source/portable/MemMang/heap_2.o
                                0x7e4 (size before relaxing)
 .debug_str     0x000097d8      0x146 ./SDK/rtos/osif/osif_freertos.o
                                0xdd2 (size before relaxing)
 .debug_str     0x0000991e       0x76 ./Sources/main.o
                               0x32ae (size before relaxing)

.comment        0x00000000       0xa0
 .comment       0x00000000       0xa0 ./Generated_Code/clockMan1.o
                                 0xa1 (size before relaxing)
 .comment       0x000000a0       0xa1 ./Generated_Code/lpuart1.o
 .comment       0x000000a0       0xa1 ./Generated_Code/pin_mux.o
 .comment       0x000000a0       0xa1 ./SDK/platform/devices/S32K144/startup/system_S32K144.o
 .comment       0x000000a0       0xa1 ./SDK/platform/devices/startup.o
 .comment       0x000000a0       0xa1 ./SDK/platform/drivers/src/clock/S32K1xx/clock_S32K1xx.o
 .comment       0x000000a0       0xa1 ./SDK/platform/drivers/src/edma/edma_driver.o
 .comment       0x000000a0       0xa1 ./SDK/platform/drivers/src/edma/edma_hw_access.o
 .comment       0x000000a0       0xa1 ./SDK/platform/drivers/src/edma/edma_irq.o
 .comment       0x000000a0       0xa1 ./SDK/platform/drivers/src/interrupt/interrupt_manager.o
 .comment       0x000000a0       0xa1 ./SDK/platform/drivers/src/lpuart/lpuart_driver.o
 .comment       0x000000a0       0xa1 ./SDK/platform/drivers/src/lpuart/lpuart_hw_access.o
 .comment       0x000000a0       0xa1 ./SDK/platform/drivers/src/lpuart/lpuart_irq.o
 .comment       0x000000a0       0xa1 ./SDK/platform/drivers/src/pins/pins_driver.o
 .comment       0x000000a0       0xa1 ./SDK/platform/drivers/src/pins/pins_port_hw_access.o
 .comment       0x000000a0       0xa1 ./SDK/rtos/FreeRTOS_S32K/Source/list.o
 .comment       0x000000a0       0xa1 ./SDK/rtos/FreeRTOS_S32K/Source/queue.o
 .comment       0x000000a0       0xa1 ./SDK/rtos/FreeRTOS_S32K/Source/tasks.o
 .comment       0x000000a0       0xa1 ./SDK/rtos/FreeRTOS_S32K/Source/timers.o
 .comment       0x000000a0       0xa1 ./SDK/rtos/FreeRTOS_S32K/Source/portable/GCC/ARM_CM4F/port.o
 .comment       0x000000a0       0xa1 ./SDK/rtos/FreeRTOS_S32K/Source/portable/MemMang/heap_2.o
 .comment       0x000000a0       0xa1 ./SDK/rtos/osif/osif_freertos.o
 .comment       0x000000a0       0xa1 ./Sources/main.o

.debug_loc      0x00000000     0xfa58
 .debug_loc     0x00000000       0xeb ./SDK/platform/devices/S32K144/startup/system_S32K144.o
 .debug_loc     0x000000eb       0xec ./SDK/platform/devices/startup.o
 .debug_loc     0x000001d7     0x4da8 ./SDK/platform/drivers/src/clock/S32K1xx/clock_S32K1xx.o
 .debug_loc     0x00004f7f     0x28ae ./SDK/platform/drivers/src/edma/edma_driver.o
 .debug_loc     0x0000782d      0x6fa ./SDK/platform/drivers/src/edma/edma_hw_access.o
 .debug_loc     0x00007f27       0x50 ./SDK/platform/drivers/src/edma/edma_irq.o
 .debug_loc     0x00007f77      0x297 ./SDK/platform/drivers/src/interrupt/interrupt_manager.o
 .debug_loc     0x0000820e     0x2126 ./SDK/platform/drivers/src/lpuart/lpuart_driver.o
 .debug_loc     0x0000a334      0x712 ./SDK/platform/drivers/src/lpuart/lpuart_hw_access.o
 .debug_loc     0x0000aa46      0x77f ./SDK/platform/drivers/src/pins/pins_driver.o
 .debug_loc     0x0000b1c5      0x56a ./SDK/platform/drivers/src/pins/pins_port_hw_access.o
 .debug_loc     0x0000b72f       0x65 ./SDK/rtos/FreeRTOS_S32K/Source/list.o
 .debug_loc     0x0000b794     0x12e6 ./SDK/rtos/FreeRTOS_S32K/Source/queue.o
 .debug_loc     0x0000ca7a     0x1c19 ./SDK/rtos/FreeRTOS_S32K/Source/tasks.o
 .debug_loc     0x0000e693      0xa98 ./SDK/rtos/FreeRTOS_S32K/Source/timers.o
 .debug_loc     0x0000f12b       0xdc ./SDK/rtos/FreeRTOS_S32K/Source/portable/GCC/ARM_CM4F/port.o
 .debug_loc     0x0000f207      0x255 ./SDK/rtos/FreeRTOS_S32K/Source/portable/MemMang/heap_2.o
 .debug_loc     0x0000f45c      0x516 ./SDK/rtos/osif/osif_freertos.o
 .debug_loc     0x0000f972       0xe6 ./Sources/main.o

.debug_ranges   0x00000000     0x10a0
 .debug_ranges  0x00000000       0x20 ./SDK/platform/devices/S32K144/startup/system_S32K144.o
 .debug_ranges  0x00000020       0x10 ./SDK/platform/devices/startup.o
 .debug_ranges  0x00000030      0x388 ./SDK/platform/drivers/src/clock/S32K1xx/clock_S32K1xx.o
 .debug_ranges  0x000003b8      0x158 ./SDK/platform/drivers/src/edma/edma_driver.o
 .debug_ranges  0x00000510       0x90 ./SDK/platform/drivers/src/edma/edma_hw_access.o
 .debug_ranges  0x000005a0       0x90 ./SDK/platform/drivers/src/edma/edma_irq.o
 .debug_ranges  0x00000630       0x98 ./SDK/platform/drivers/src/interrupt/interrupt_manager.o
 .debug_ranges  0x000006c8      0x150 ./SDK/platform/drivers/src/lpuart/lpuart_driver.o
 .debug_ranges  0x00000818       0x68 ./SDK/platform/drivers/src/lpuart/lpuart_hw_access.o
 .debug_ranges  0x00000880       0x20 ./SDK/platform/drivers/src/lpuart/lpuart_irq.o
 .debug_ranges  0x000008a0       0xd0 ./SDK/platform/drivers/src/pins/pins_driver.o
 .debug_ranges  0x00000970       0x30 ./SDK/platform/drivers/src/pins/pins_port_hw_access.o
 .debug_ranges  0x000009a0       0x30 ./SDK/rtos/FreeRTOS_S32K/Source/list.o
 .debug_ranges  0x000009d0      0x248 ./SDK/rtos/FreeRTOS_S32K/Source/queue.o
 .debug_ranges  0x00000c18      0x260 ./SDK/rtos/FreeRTOS_S32K/Source/tasks.o
 .debug_ranges  0x00000e78       0xd8 ./SDK/rtos/FreeRTOS_S32K/Source/timers.o
 .debug_ranges  0x00000f50       0x70 ./SDK/rtos/FreeRTOS_S32K/Source/portable/GCC/ARM_CM4F/port.o
 .debug_ranges  0x00000fc0       0x28 ./SDK/rtos/FreeRTOS_S32K/Source/portable/MemMang/heap_2.o
 .debug_ranges  0x00000fe8       0x88 ./SDK/rtos/osif/osif_freertos.o
 .debug_ranges  0x00001070       0x30 ./Sources/main.o

.debug_frame    0x00000000     0x20d4
 .debug_frame   0x00000000       0x40 ./SDK/platform/devices/S32K144/startup/system_S32K144.o
 .debug_frame   0x00000040       0x2c ./SDK/platform/devices/startup.o
 .debug_frame   0x0000006c      0x37c ./SDK/platform/drivers/src/clock/S32K1xx/clock_S32K1xx.o
 .debug_frame   0x000003e8      0x388 ./SDK/platform/drivers/src/edma/edma_driver.o
 .debug_frame   0x00000770      0x144 ./SDK/platform/drivers/src/edma/edma_hw_access.o
 .debug_frame   0x000008b4      0x1ac ./SDK/platform/drivers/src/edma/edma_irq.o
 .debug_frame   0x00000a60       0xd8 ./SDK/platform/drivers/src/interrupt/interrupt_manager.o
 .debug_frame   0x00000b38      0x394 ./SDK/platform/drivers/src/lpuart/lpuart_driver.o
 .debug_frame   0x00000ecc       0xf4 ./SDK/platform/drivers/src/lpuart/lpuart_hw_access.o
 .debug_frame   0x00000fc0       0x58 ./SDK/platform/drivers/src/lpuart/lpuart_irq.o
 .debug_frame   0x00001018      0x1e4 ./SDK/platform/drivers/src/pins/pins_driver.o
 .debug_frame   0x000011fc       0x98 ./SDK/platform/drivers/src/pins/pins_port_hw_access.o
 .debug_frame   0x00001294       0x6c ./SDK/rtos/FreeRTOS_S32K/Source/list.o
 .debug_frame   0x00001300      0x338 ./SDK/rtos/FreeRTOS_S32K/Source/queue.o
 .debug_frame   0x00001638      0x550 ./SDK/rtos/FreeRTOS_S32K/Source/tasks.o
 .debug_frame   0x00001b88      0x1d0 ./SDK/rtos/FreeRTOS_S32K/Source/timers.o
 .debug_frame   0x00001d58      0x100 ./SDK/rtos/FreeRTOS_S32K/Source/portable/GCC/ARM_CM4F/port.o
 .debug_frame   0x00001e58       0x70 ./SDK/rtos/FreeRTOS_S32K/Source/portable/MemMang/heap_2.o
 .debug_frame   0x00001ec8      0x134 ./SDK/rtos/osif/osif_freertos.o
 .debug_frame   0x00001ffc       0x90 ./Sources/main.o
 .debug_frame   0x0000208c       0x28 C:/NXP/S32DS_ARM_v2.2/S32DS/build_tools/gcc_v6.3/gcc-6.3-arm32-eabi/arm-none-eabi/newlib/lib/thumb/v7e-m/fpv4-sp/hard\libc_nano.a(lib_a-memcpy-stub.o)
 .debug_frame   0x000020b4       0x20 C:/NXP/S32DS_ARM_v2.2/S32DS/build_tools/gcc_v6.3/gcc-6.3-arm32-eabi/arm-none-eabi/newlib/lib/thumb/v7e-m/fpv4-sp/hard\libc_nano.a(lib_a-memset.o)
